Archive member included to satisfy reference by file (symbol)

../src/ASF/thirdparty/wireless/services/common_hw_timer/mega/lib\libmegarfr2_lib_hw_timer.a(common_hw_timer.o)
                              src/ASF/thirdparty/wireless/avr2025_mac/source/pal/common_sw_timer/common_sw_timer.o (common_tc_read_count)
c:/program files (x86)/atmel/studio/7.0/toolchain/avr8/avr8-gnu-toolchain/bin/../lib/gcc/avr/5.4.0/../../../../avr/lib/avr6\libm.a(addsf3.o)
                              src/usr_wireless.o (__subsf3)
c:/program files (x86)/atmel/studio/7.0/toolchain/avr8/avr8-gnu-toolchain/bin/../lib/gcc/avr/5.4.0/../../../../avr/lib/avr6\libm.a(addsf3x.o)
                              c:/program files (x86)/atmel/studio/7.0/toolchain/avr8/avr8-gnu-toolchain/bin/../lib/gcc/avr/5.4.0/../../../../avr/lib/avr6\libm.a(addsf3.o) (__addsf3x)
c:/program files (x86)/atmel/studio/7.0/toolchain/avr8/avr8-gnu-toolchain/bin/../lib/gcc/avr/5.4.0/../../../../avr/lib/avr6\libm.a(cmpsf2.o)
                              src/ASF/thirdparty/wireless/avr2025_mac/source/tal/src/tal_helper.o (__ltsf2)
c:/program files (x86)/atmel/studio/7.0/toolchain/avr8/avr8-gnu-toolchain/bin/../lib/gcc/avr/5.4.0/../../../../avr/lib/avr6\libm.a(fixsfsi.o)
                              src/usr_wireless.o (__fixsfsi)
c:/program files (x86)/atmel/studio/7.0/toolchain/avr8/avr8-gnu-toolchain/bin/../lib/gcc/avr/5.4.0/../../../../avr/lib/avr6\libm.a(fixunssfsi.o)
                              src/ASF/thirdparty/wireless/avr2025_mac/source/tal/src/tal_helper.o (__fixunssfsi)
c:/program files (x86)/atmel/studio/7.0/toolchain/avr8/avr8-gnu-toolchain/bin/../lib/gcc/avr/5.4.0/../../../../avr/lib/avr6\libm.a(floatsisf.o)
                              src/usr_wireless.o (__floatunsisf)
c:/program files (x86)/atmel/studio/7.0/toolchain/avr8/avr8-gnu-toolchain/bin/../lib/gcc/avr/5.4.0/../../../../avr/lib/avr6\libm.a(fp_cmp.o)
                              c:/program files (x86)/atmel/studio/7.0/toolchain/avr8/avr8-gnu-toolchain/bin/../lib/gcc/avr/5.4.0/../../../../avr/lib/avr6\libm.a(cmpsf2.o) (__fp_cmp)
c:/program files (x86)/atmel/studio/7.0/toolchain/avr8/avr8-gnu-toolchain/bin/../lib/gcc/avr/5.4.0/../../../../avr/lib/avr6\libm.a(fp_inf.o)
                              c:/program files (x86)/atmel/studio/7.0/toolchain/avr8/avr8-gnu-toolchain/bin/../lib/gcc/avr/5.4.0/../../../../avr/lib/avr6\libm.a(addsf3x.o) (__fp_inf)
c:/program files (x86)/atmel/studio/7.0/toolchain/avr8/avr8-gnu-toolchain/bin/../lib/gcc/avr/5.4.0/../../../../avr/lib/avr6\libm.a(fp_nan.o)
                              c:/program files (x86)/atmel/studio/7.0/toolchain/avr8/avr8-gnu-toolchain/bin/../lib/gcc/avr/5.4.0/../../../../avr/lib/avr6\libm.a(addsf3x.o) (__fp_nan)
c:/program files (x86)/atmel/studio/7.0/toolchain/avr8/avr8-gnu-toolchain/bin/../lib/gcc/avr/5.4.0/../../../../avr/lib/avr6\libm.a(fp_pscA.o)
                              c:/program files (x86)/atmel/studio/7.0/toolchain/avr8/avr8-gnu-toolchain/bin/../lib/gcc/avr/5.4.0/../../../../avr/lib/avr6\libm.a(addsf3x.o) (__fp_pscA)
c:/program files (x86)/atmel/studio/7.0/toolchain/avr8/avr8-gnu-toolchain/bin/../lib/gcc/avr/5.4.0/../../../../avr/lib/avr6\libm.a(fp_pscB.o)
                              c:/program files (x86)/atmel/studio/7.0/toolchain/avr8/avr8-gnu-toolchain/bin/../lib/gcc/avr/5.4.0/../../../../avr/lib/avr6\libm.a(addsf3x.o) (__fp_pscB)
c:/program files (x86)/atmel/studio/7.0/toolchain/avr8/avr8-gnu-toolchain/bin/../lib/gcc/avr/5.4.0/../../../../avr/lib/avr6\libm.a(fp_round.o)
                              c:/program files (x86)/atmel/studio/7.0/toolchain/avr8/avr8-gnu-toolchain/bin/../lib/gcc/avr/5.4.0/../../../../avr/lib/avr6\libm.a(addsf3.o) (__fp_round)
c:/program files (x86)/atmel/studio/7.0/toolchain/avr8/avr8-gnu-toolchain/bin/../lib/gcc/avr/5.4.0/../../../../avr/lib/avr6\libm.a(fp_split3.o)
                              c:/program files (x86)/atmel/studio/7.0/toolchain/avr8/avr8-gnu-toolchain/bin/../lib/gcc/avr/5.4.0/../../../../avr/lib/avr6\libm.a(addsf3x.o) (__fp_split3)
c:/program files (x86)/atmel/studio/7.0/toolchain/avr8/avr8-gnu-toolchain/bin/../lib/gcc/avr/5.4.0/../../../../avr/lib/avr6\libm.a(fp_zero.o)
                              c:/program files (x86)/atmel/studio/7.0/toolchain/avr8/avr8-gnu-toolchain/bin/../lib/gcc/avr/5.4.0/../../../../avr/lib/avr6\libm.a(addsf3x.o) (__fp_zero)
c:/program files (x86)/atmel/studio/7.0/toolchain/avr8/avr8-gnu-toolchain/bin/../lib/gcc/avr/5.4.0/../../../../avr/lib/avr6\libm.a(gesf2.o)
                              src/ASF/thirdparty/wireless/avr2025_mac/source/tal/src/tal_helper.o (__gtsf2)
c:/program files (x86)/atmel/studio/7.0/toolchain/avr8/avr8-gnu-toolchain/bin/../lib/gcc/avr/5.4.0/../../../../avr/lib/avr6\libm.a(mulsf3.o)
                              src/usr_wireless.o (__mulsf3)
c:/program files (x86)/atmel/studio/7.0/toolchain/avr8/avr8-gnu-toolchain/bin/../lib/gcc/avr/5.4.0/../../../../avr/lib/avr6\libm.a(mulsf3x.o)
[...]
Memory Configuration

Name             Origin             Length             Attributes
text             0x00000000         0x00040000         xr
data             0x00800200         0x00008000         rw !x
eeprom           0x00810000         0x00002000         rw !x
fuse             0x00820000         0x00000003         rw !x
lock             0x00830000         0x00000400         rw !x
signature        0x00840000         0x00000400         rw !x
user_signatures  0x00850000         0x00000400         rw !x
*default*        0x00000000         0xffffffff

Linker script and memory map

Address of section .data set to 0x800200
LOAD C:/Program Files (x86)/Atmel/Studio/7.0/Packs/atmel/ATmega_DFP/1.6.364/gcc/dev/atmega256rfr2/avr6/crtatmega256rfr2.o
LOAD src/ASF/common/services/serial/usart_serial.o
LOAD src/ASF/common/utils/stdio/read.o
LOAD src/ASF/common/utils/stdio/write.o
LOAD src/ASF/mega/drivers/usart/usart_megarf.o
LOAD src/ASF/thirdparty/wireless/addons/sio2host/uart/sio2host.o
LOAD src/usr_wireless.o
LOAD src/Wireless/usart_serial.o
LOAD src/Wireless/wireless_api.o
LOAD src/ASF/common/boards/user_board/init.o
LOAD src/ASF/common/services/clock/mega/sysclk.o
LOAD src/ASF/thirdparty/wireless/avr2025_mac/source/pal/common_sw_timer/common_sw_timer.o
LOAD src/ASF/thirdparty/wireless/avr2025_mac/source/pal/pal.o
LOAD src/ASF/thirdparty/wireless/avr2025_mac/source/resources/buffer/src/bmm.o
LOAD src/ASF/thirdparty/wireless/avr2025_mac/source/resources/queue/src/qmm.o
LOAD src/ASF/thirdparty/wireless/avr2025_mac/source/tal/atmegarfr2/src/tal.o
LOAD src/ASF/thirdparty/wireless/avr2025_mac/source/tal/atmegarfr2/src/tal_ed.o
LOAD src/ASF/thirdparty/wireless/avr2025_mac/source/tal/atmegarfr2/src/tal_init.o
LOAD src/ASF/thirdparty/wireless/avr2025_mac/source/tal/atmegarfr2/src/tal_irq_handler.o
LOAD src/ASF/thirdparty/wireless/avr2025_mac/source/tal/atmegarfr2/src/tal_pib.o
LOAD src/ASF/thirdparty/wireless/avr2025_mac/source/tal/atmegarfr2/src/tal_pwr_mgmt.o
LOAD src/ASF/thirdparty/wireless/avr2025_mac/source/tal/atmegarfr2/src/tal_rx.o
LOAD src/ASF/thirdparty/wireless/avr2025_mac/source/tal/atmegarfr2/src/tal_rx_enable.o
LOAD src/ASF/thirdparty/wireless/avr2025_mac/source/tal/atmegarfr2/src/tal_slotted_csma.o
LOAD src/ASF/thirdparty/wireless/avr2025_mac/source/tal/atmegarfr2/src/tal_tx.o
LOAD src/ASF/thirdparty/wireless/avr2025_mac/source/tal/src/tal_helper.o
LOAD src/ASF/thirdparty/wireless/avr2025_mac/source/tfa/atmegarfr2/src/tfa.o
LOAD src/ASF/thirdparty/wireless/services/common_hw_timer/mega/hw_timer.o
LOAD src/ASF/thirdparty/wireless/services/mega/drivers/tc/tc_megarf.o
LOAD src/main.o
START GROUP
LOAD ../src/ASF/thirdparty/wireless/services/common_hw_timer/mega/lib\libmegarfr2_lib_hw_timer.a
LOAD c:/program files (x86)/atmel/studio/7.0/toolchain/avr8/avr8-gnu-toolchain/bin/../lib/gcc/avr/5.4.0/../../../../avr/lib/avr6\libm.a
END GROUP
START GROUP
LOAD c:/program files (x86)/atmel/studio/7.0/toolchain/avr8/avr8-gnu-toolchain/bin/../lib/gcc/avr/5.4.0/avr6\libgcc.a
LOAD c:/program files (x86)/atmel/studio/7.0/toolchain/avr8/avr8-gnu-toolchain/bin/../lib/gcc/avr/5.4.0/../../../../avr/lib/avr6\libm.a
LOAD c:/program files (x86)/atmel/studio/7.0/toolchain/avr8/avr8-gnu-toolchain/bin/../lib/gcc/avr/5.4.0/../../../../avr/lib/avr6\libc.a
LOAD C:/Program Files (x86)/Atmel/Studio/7.0/Packs/atmel/ATmega_DFP/1.6.364/gcc/dev/atmega256rfr2/avr6\libatmega256rfr2.a
END GROUP
                [0x00000000]                __TEXT_REGION_ORIGIN__ = DEFINED (__TEXT_REGION_ORIGIN__)?__TEXT_REGION_ORIGIN__:0x0
                [0x00800200]                __DATA_REGION_ORIGIN__ = DEFINED (__DATA_REGION_ORIGIN__)?__DATA_REGION_ORIGIN__:0x800200
                [0x00040000]                __TEXT_REGION_LENGTH__ = DEFINED (__TEXT_REGION_LENGTH__)?__TEXT_REGION_LENGTH__:0x100000
                [0x00008000]                __DATA_REGION_LENGTH__ = DEFINED (__DATA_REGION_LENGTH__)?__DATA_REGION_LENGTH__:0xfe00
                [0x00002000]                __EEPROM_REGION_LENGTH__ = DEFINED (__EEPROM_REGION_LENGTH__)?__EEPROM_REGION_LENGTH__:0x10000
                [0x00000003]                __FUSE_REGION_LENGTH__ = DEFINED (__FUSE_REGION_LENGTH__)?__FUSE_REGION_LENGTH__:0x400
                0x00000400                __LOCK_REGION_LENGTH__ = DEFINED (__LOCK_REGION_LENGTH__)?__LOCK_REGION_LENGTH__:0x400
                0x00000400                __SIGNATURE_REGION_LENGTH__ = DEFINED (__SIGNATURE_REGION_LENGTH__)?__SIGNATURE_REGION_LENGTH__:0x400
                0x00000400                __USER_SIGNATURE_REGION_LENGTH__ = DEFINED (__USER_SIGNATURE_REGION_LENGTH__)?__USER_SIGNATURE_REGION_LENGTH__:0x400

.hash
 *(.hash)

.dynsym
 *(.dynsym)

.dynstr
 *(.dynstr)

.gnu.version
 *(.gnu.version)

.gnu.version_d
 *(.gnu.version_d)

.gnu.version_r
 *(.gnu.version_r)

.rel.init
 *(.rel.init)

.rela.init
 *(.rela.init)

.rel.text
 *(.rel.text)
 *(.rel.text.*)
 *(.rel.gnu.linkonce.t*)

.rela.text
 *(.rela.text)
 *(.rela.text.*)
 *(.rela.gnu.linkonce.t*)

.rel.fini
 *(.rel.fini)

.rela.fini
 *(.rela.fini)

.rel.rodata
 *(.rel.rodata)
 *(.rel.rodata.*)
 *(.rel.gnu.linkonce.r*)

.rela.rodata
 *(.rela.rodata)
 *(.rela.rodata.*)
 *(.rela.gnu.linkonce.r*)

.rel.data
 *(.rel.data)
 *(.rel.data.*)
 *(.rel.gnu.linkonce.d*)

.rela.data
 *(.rela.data)
 *(.rela.data.*)
 *(.rela.gnu.linkonce.d*)

.rel.ctors
 *(.rel.ctors)

.rela.ctors
 *(.rela.ctors)

.rel.dtors
 *(.rel.dtors)

.rela.dtors
 *(.rela.dtors)

.rel.got
 *(.rel.got)

.rela.got
 *(.rela.got)

.rel.bss
 *(.rel.bss)

.rela.bss
 *(.rela.bss)

.rel.plt
 *(.rel.plt)

.rela.plt
 *(.rela.plt)

.text           0x00000000     0x3c6a
 *(.vectors)
 .vectors       0x00000000      0x134 C:/Program Files (x86)/Atmel/Studio/7.0/Packs/atmel/ATmega_DFP/1.6.364/gcc/dev/atmega256rfr2/avr6/crtatmega256rfr2.o
                0x00000000                __vector_default
                0x00000000                __vectors
 *(.vectors)
 *(.progmem.gcc*)
 .progmem.gcc_sw_table.set_trx_state
                0x00000134       0x2e src/ASF/thirdparty/wireless/avr2025_mac/source/tal/atmegarfr2/src/tal.o
 .progmem.gcc_fplib
                0x00000162       0x28 c:/program files (x86)/atmel/studio/7.0/toolchain/avr8/avr8-gnu-toolchain/bin/../lib/gcc/avr/5.4.0/../../../../avr/lib/avr6\libm.a(exp.o)
 .progmem.gcc_fplib
                0x0000018a       0x5a c:/program files (x86)/atmel/studio/7.0/toolchain/avr8/avr8-gnu-toolchain/bin/../lib/gcc/avr/5.4.0/../../../../avr/lib/avr6\libm.a(log.o)
                0x000001e4                . = ALIGN (0x2)
                0x000001e4                __trampolines_start = .
 *(.trampolines)
 .trampolines   0x000001e4        0x0 linker stubs
 *(.trampolines*)
                0x000001e4                __trampolines_end = .
 *libprintf_flt.a:*(.progmem.data)
 *libc.a:*(.progmem.data)
 *(.progmem*)
 .progmem.data.tx_pwr_table
                0x000001e4       0x10 src/ASF/thirdparty/wireless/avr2025_mac/source/tal/atmegarfr2/src/tal_pib.o
                0x000001e4                tx_pwr_table
                0x000001f4                . = ALIGN (0x2)
 *(.jumptables)
 *(.jumptables*)
 *(.lowtext)
 *(.lowtext*)
                0x000001f4                __ctors_start = .
 *(.ctors)
                0x000001f4                __ctors_end = .
                0x000001f4                __dtors_start = .
 *(.dtors)
                0x000001f4                __dtors_end = .
 SORT(*)(.ctors)
 SORT(*)(.dtors)
 *(.init0)
 .init0         0x000001f4        0x0 C:/Program Files (x86)/Atmel/Studio/7.0/Packs/atmel/ATmega_DFP/1.6.364/gcc/dev/atmega256rfr2/avr6/crtatmega256rfr2.o
                0x000001f4                __init
 *(.init0)
 *(.init1)
 *(.init1)
 *(.init2)
 .init2         0x000001f4       0x10 C:/Program Files (x86)/Atmel/Studio/7.0/Packs/atmel/ATmega_DFP/1.6.364/gcc/dev/atmega256rfr2/avr6/crtatmega256rfr2.o
 *(.init2)
 *(.init3)
 *(.init3)
 *(.init4)
 .init4         0x00000204       0x1a c:/program files (x86)/atmel/studio/7.0/toolchain/avr8/avr8-gnu-toolchain/bin/../lib/gcc/avr/5.4.0/avr6\libgcc.a(_copy_data.o)
                0x00000204                __do_copy_data
 .init4         0x0000021e       0x10 c:/program files (x86)/atmel/studio/7.0/toolchain/avr8/avr8-gnu-toolchain/bin/../lib/gcc/avr/5.4.0/avr6\libgcc.a(_clear_bss.o)
                0x0000021e                __do_clear_bss
 *(.init4)
 *(.init5)
 *(.init5)
 *(.init6)
 *(.init6)
 *(.init7)
 *(.init7)
 *(.init8)
 *(.init8)
 *(.init9)
 .init9         0x0000022e        0x8 C:/Program Files (x86)/Atmel/Studio/7.0/Packs/atmel/ATmega_DFP/1.6.364/gcc/dev/atmega256rfr2/avr6/crtatmega256rfr2.o
 *(.init9)
 *(.text)
 .text          0x00000236        0x2 C:/Program Files (x86)/Atmel/Studio/7.0/Packs/atmel/ATmega_DFP/1.6.364/gcc/dev/atmega256rfr2/avr6/crtatmega256rfr2.o
                0x00000236                __vector_38
                0x00000236                __vector_22
                0x00000236                __vector_28
                0x00000236                __vector_67
                0x00000236                __vector_1
                0x00000236                __vector_24
                0x00000236                __vector_12
                0x00000236                __vector_55
                0x00000236                __vector_69
                0x00000236                __vector_46
                0x00000236                __bad_interrupt
                0x00000236                __vector_6
                0x00000236                __vector_31
                0x00000236                __vector_39
                0x00000236                __vector_3
                0x00000236                __vector_23
                0x00000236                __vector_68
                0x00000236                __vector_30
                0x00000236                __vector_25
                0x00000236                __vector_11
                0x00000236                __vector_54
                0x00000236                __vector_13
                0x00000236                __vector_56
                0x00000236                __vector_7
                0x00000236                __vector_41
                0x00000236                __vector_27
                0x00000236                __vector_5
                0x00000236                __vector_52
                0x00000236                __vector_37
                0x00000236                __vector_4
                0x00000236                __vector_51
                0x00000236                __vector_9
                0x00000236                __vector_2
                0x00000236                __vector_21
                0x00000236                __vector_15
                0x00000236                __vector_66
                0x00000236                __vector_29
                0x00000236                __vector_40
                0x00000236                __vector_8
                0x00000236                __vector_26
                0x00000236                __vector_14
                0x00000236                __vector_53
                0x00000236                __vector_10
                0x00000236                __vector_16
                0x00000236                __vector_65
 .text          0x00000238      0x216 ../src/ASF/thirdparty/wireless/services/common_hw_timer/mega/lib\libmegarfr2_lib_hw_timer.a(common_hw_timer.o)
                0x00000238                common_tc_read_count
                0x00000288                common_tc_compare_stop
                0x000002ac                common_tc_overflow_stop
                0x000002b6                common_tc_stop
                0x000002be                common_tc_delay
                0x000003a8                common_tc_init
                0x000003b6                tmr_ovf_callback
                0x00000426                tmr_cca_callback
                0x0000043a                set_common_tc_overflow_callback
                0x00000444                set_common_tc_expiry_callback
                0x0000044e                . = ALIGN (0x2)
 *(.text.*)
 .text.usart_serial_write_packet
                0x0000044e       0x34 src/ASF/common/services/serial/usart_serial.o
                0x0000044e                usart_serial_write_packet
 .text.usart_serial_read_packet
                0x00000482       0x34 src/ASF/common/services/serial/usart_serial.o
                0x00000482                usart_serial_read_packet
 .text._read    0x000004b6       0x32 src/ASF/common/utils/stdio/read.o
                0x000004b6                _read
 .text._write   0x000004e8       0x24 src/ASF/common/utils/stdio/write.o
                0x000004e8                _write
 .text.usart_putchar
                0x0000050c        0xe src/ASF/mega/drivers/usart/usart_megarf.o
                0x0000050c                usart_putchar
 .text.usart_getchar
                0x0000051a        0xc src/ASF/mega/drivers/usart/usart_megarf.o
                0x0000051a                usart_getchar
 .text.usart_set_baudrate
                0x00000526      0x116 src/ASF/mega/drivers/usart/usart_megarf.o
                0x00000526                usart_set_baudrate
 .text.usart_init_rs232
                0x0000063c       0x92 src/ASF/mega/drivers/usart/usart_megarf.o
                0x0000063c                usart_init_rs232
 .text.usart_serial_getchar
                0x000006ce       0x10 src/ASF/thirdparty/wireless/addons/sio2host/uart/sio2host.o
 .text.usart_serial_putchar
                0x000006de        0x4 src/ASF/thirdparty/wireless/addons/sio2host/uart/sio2host.o
 .text.sio2host_init
                0x000006e2       0x92 src/ASF/thirdparty/wireless/addons/sio2host/uart/sio2host.o
                0x000006e2                sio2host_init
 .text.sio2host_tx
                0x00000774       0x2e src/ASF/thirdparty/wireless/addons/sio2host/uart/sio2host.o
                0x00000774                sio2host_tx
 .text.sio2host_rx
                0x000007a2       0x7e src/ASF/thirdparty/wireless/addons/sio2host/uart/sio2host.o
                0x000007a2                sio2host_rx
 .text.sio2host_getchar_nowait
                0x00000820       0x28 src/ASF/thirdparty/wireless/addons/sio2host/uart/sio2host.o
                0x00000820                sio2host_getchar_nowait
 .text.__vector_36
                0x00000848       0x90 src/ASF/thirdparty/wireless/addons/sio2host/uart/sio2host.o
                0x00000848                __vector_36
 .text.__portable_avr_delay_cycles
                0x000008d8       0x16 src/usr_wireless.o
 .text.usr_frame_received_cb
                0x000008ee       0xd8 src/usr_wireless.o
                0x000008ee                usr_frame_received_cb
 .text.usr_frame_transmitted_cb
                0x000009c6        0x2 src/usr_wireless.o
                0x000009c6                usr_frame_transmitted_cb
 .text.reverse  0x000009c8       0x2e src/usr_wireless.o
                0x000009c8                reverse
 .text.intToStr
                0x000009f6       0x82 src/usr_wireless.o
                0x000009f6                intToStr
 .text.ftoa     0x00000a78       0xce src/usr_wireless.o
                0x00000a78                ftoa
 .text.get_bat_sensor_data
                0x00000b46       0x1c src/usr_wireless.o
                0x00000b46                get_bat_sensor_data
 .text.usr_wireless_app_task
                0x00000b62      0x164 src/usr_wireless.o
                0x00000b62                usr_wireless_app_task
 .text.transmit_frame
                0x00000cc6      0x144 src/Wireless/wireless_api.o
                0x00000cc6                transmit_frame
 .text.transmit_sample_frame
                0x00000e0a       0x66 src/Wireless/wireless_api.o
                0x00000e0a                transmit_sample_frame
 .text.init_data_reception
                0x00000e70        0x8 src/Wireless/wireless_api.o
                0x00000e70                init_data_reception
 .text.wireless_init
                0x00000e78       0x7c src/Wireless/wireless_api.o
                0x00000e78                wireless_init
 .text.board_init
                0x00000ef4       0x18 src/ASF/common/boards/user_board/init.o
                0x00000ef4                board_init
 .text.modules_init
                0x00000f0c        0x4 src/ASF/common/boards/user_board/init.o
                0x00000f0c                modules_init
 .text.sysclk_init
                0x00000f10       0x36 src/ASF/common/services/clock/mega/sysclk.o
                0x00000f10                sysclk_init
 .text.sysclk_enable_module
                0x00000f46       0x30 src/ASF/common/services/clock/mega/sysclk.o
                0x00000f46                sysclk_enable_module
 .text.sysclk_disable_module
                0x00000f76       0x2e src/ASF/common/services/clock/mega/sysclk.o
                0x00000f76                sysclk_disable_module
 .text.hw_expiry_cb
                0x00000fa4       0x10 src/ASF/thirdparty/wireless/avr2025_mac/source/pal/common_sw_timer/common_sw_timer.o
                0x00000fa4                hw_expiry_cb
 .text.hw_overflow_cb
                0x00000fb4       0xb4 src/ASF/thirdparty/wireless/avr2025_mac/source/pal/common_sw_timer/common_sw_timer.o
                0x00000fb4                hw_overflow_cb
 .text.load_hw_timer
                0x00001068       0xdc src/ASF/thirdparty/wireless/avr2025_mac/source/pal/common_sw_timer/common_sw_timer.o
 .text.internal_timer_handler
                0x00001144       0xba src/ASF/thirdparty/wireless/avr2025_mac/source/pal/common_sw_timer/common_sw_timer.o
 .text.sw_timer_init
                0x000011fe       0x48 src/ASF/thirdparty/wireless/avr2025_mac/source/pal/common_sw_timer/common_sw_timer.o
                0x000011fe                sw_timer_init
 .text.sw_timer_service
                0x00001246       0xa6 src/ASF/thirdparty/wireless/avr2025_mac/source/pal/common_sw_timer/common_sw_timer.o
                0x00001246                sw_timer_service
 .text.pal_init
                0x000012ec        0x4 src/ASF/thirdparty/wireless/avr2025_mac/source/pal/pal.o
                0x000012ec                pal_init
 .text.pal_task
                0x000012f0        0x4 src/ASF/thirdparty/wireless/avr2025_mac/source/pal/pal.o
                0x000012f0                pal_task
 .text.bmm_buffer_init
                0x000012f4       0x48 src/ASF/thirdparty/wireless/avr2025_mac/source/resources/buffer/src/bmm.o
                0x000012f4                bmm_buffer_init
 .text.bmm_buffer_alloc
                0x0000133c        0xc src/ASF/thirdparty/wireless/avr2025_mac/source/resources/buffer/src/bmm.o
                0x0000133c                bmm_buffer_alloc
 .text.bmm_buffer_free
                0x00001348        0xe src/ASF/thirdparty/wireless/avr2025_mac/source/resources/buffer/src/bmm.o
                0x00001348                bmm_buffer_free
 .text.queue_read_or_remove
                0x00001356      0x108 src/ASF/thirdparty/wireless/avr2025_mac/source/resources/queue/src/qmm.o
 .text.qmm_queue_init
                0x0000145e        0xe src/ASF/thirdparty/wireless/avr2025_mac/source/resources/queue/src/qmm.o
                0x0000145e                qmm_queue_init
 .text.qmm_queue_append
                0x0000146c       0x4a src/ASF/thirdparty/wireless/avr2025_mac/source/resources/queue/src/qmm.o
                0x0000146c                qmm_queue_append
 .text.qmm_queue_remove
                0x000014b6        0x8 src/ASF/thirdparty/wireless/avr2025_mac/source/resources/queue/src/qmm.o
                0x000014b6                qmm_queue_remove
 .text.__portable_avr_delay_cycles
                0x000014be       0x16 src/ASF/thirdparty/wireless/avr2025_mac/source/tal/atmegarfr2/src/tal.o
 .text.switch_pll_on
                0x000014d4       0x40 src/ASF/thirdparty/wireless/avr2025_mac/source/tal/atmegarfr2/src/tal.o
 .text.set_trx_state
                0x00001514      0x296 src/ASF/thirdparty/wireless/avr2025_mac/source/tal/atmegarfr2/src/tal.o
                0x00001514                set_trx_state
 .text.tal_task
                0x000017aa       0x7a src/ASF/thirdparty/wireless/avr2025_mac/source/tal/atmegarfr2/src/tal.o
                0x000017aa                tal_task
 .text.__portable_avr_delay_cycles
                0x00001824       0x16 src/ASF/thirdparty/wireless/avr2025_mac/source/tal/atmegarfr2/src/tal_init.o
 .text.tal_generate_rand_seed
                0x0000183a       0x86 src/ASF/thirdparty/wireless/avr2025_mac/source/tal/atmegarfr2/src/tal_init.o
                0x0000183a                tal_generate_rand_seed
 .text.internal_tal_reset
                0x000018c0       0xe2 src/ASF/thirdparty/wireless/avr2025_mac/source/tal/atmegarfr2/src/tal_init.o
 .text.tal_init
                0x000019a2      0x146 src/ASF/thirdparty/wireless/avr2025_mac/source/tal/atmegarfr2/src/tal_init.o
                0x000019a2                tal_init
 .text.pal_trx_irq_init_tx_end
                0x00001ae8        0xa src/ASF/thirdparty/wireless/avr2025_mac/source/tal/atmegarfr2/src/tal_irq_handler.o
                0x00001ae8                pal_trx_irq_init_tx_end
 .text.pal_trx_irq_init_rx_end
                0x00001af2        0xa src/ASF/thirdparty/wireless/avr2025_mac/source/tal/atmegarfr2/src/tal_irq_handler.o
                0x00001af2                pal_trx_irq_init_rx_end
 .text.pal_trx_irq_init_awake
                0x00001afc        0xa src/ASF/thirdparty/wireless/avr2025_mac/source/tal/atmegarfr2/src/tal_irq_handler.o
                0x00001afc                pal_trx_irq_init_awake
 .text.__vector_63
                0x00001b06       0x56 src/ASF/thirdparty/wireless/avr2025_mac/source/tal/atmegarfr2/src/tal_irq_handler.o
                0x00001b06                __vector_63
 .text.__vector_60
                0x00001b5c       0x56 src/ASF/thirdparty/wireless/avr2025_mac/source/tal/atmegarfr2/src/tal_irq_handler.o
                0x00001b5c                __vector_60
 .text.__vector_61
                0x00001bb2       0x56 src/ASF/thirdparty/wireless/avr2025_mac/source/tal/atmegarfr2/src/tal_irq_handler.o
                0x00001bb2                __vector_61
 .text.__vector_64
                0x00001c08       0x56 src/ASF/thirdparty/wireless/avr2025_mac/source/tal/atmegarfr2/src/tal_irq_handler.o
                0x00001c08                __vector_64
 .text.__vector_59
                0x00001c5e       0x14 src/ASF/thirdparty/wireless/avr2025_mac/source/tal/atmegarfr2/src/tal_irq_handler.o
                0x00001c5e                __vector_59
 .text.__vector_57
                0x00001c72       0x14 src/ASF/thirdparty/wireless/avr2025_mac/source/tal/atmegarfr2/src/tal_irq_handler.o
                0x00001c72                __vector_57
 .text.__vector_58
                0x00001c86       0x14 src/ASF/thirdparty/wireless/avr2025_mac/source/tal/atmegarfr2/src/tal_irq_handler.o
                0x00001c86                __vector_58
 .text.__vector_62
                0x00001c9a       0x14 src/ASF/thirdparty/wireless/avr2025_mac/source/tal/atmegarfr2/src/tal_irq_handler.o
                0x00001c9a                __vector_62
 .text.__vector_71
                0x00001cae       0x14 src/ASF/thirdparty/wireless/avr2025_mac/source/tal/atmegarfr2/src/tal_irq_handler.o
                0x00001cae                __vector_71
 .text.__vector_70
                0x00001cc2       0x14 src/ASF/thirdparty/wireless/avr2025_mac/source/tal/atmegarfr2/src/tal_irq_handler.o
                0x00001cc2                __vector_70
 .text.__vector_72
                0x00001cd6       0x14 src/ASF/thirdparty/wireless/avr2025_mac/source/tal/atmegarfr2/src/tal_irq_handler.o
                0x00001cd6                __vector_72
 .text.__vector_73
                0x00001cea       0x14 src/ASF/thirdparty/wireless/avr2025_mac/source/tal/atmegarfr2/src/tal_irq_handler.o
                0x00001cea                __vector_73
 .text.__vector_74
                0x00001cfe       0x14 src/ASF/thirdparty/wireless/avr2025_mac/source/tal/atmegarfr2/src/tal_irq_handler.o
                0x00001cfe                __vector_74
 .text.__vector_75
                0x00001d12       0x14 src/ASF/thirdparty/wireless/avr2025_mac/source/tal/atmegarfr2/src/tal_irq_handler.o
                0x00001d12                __vector_75
 .text.__vector_76
                0x00001d26       0x14 src/ASF/thirdparty/wireless/avr2025_mac/source/tal/atmegarfr2/src/tal_irq_handler.o
                0x00001d26                __vector_76
 .text.trx_rx_end_handler_cb
                0x00001d3a       0x22 src/ASF/thirdparty/wireless/avr2025_mac/source/tal/atmegarfr2/src/tal_irq_handler.o
                0x00001d3a                trx_rx_end_handler_cb
 .text.trx_tx_end_handler_cb
                0x00001d5c       0x22 src/ASF/thirdparty/wireless/avr2025_mac/source/tal/atmegarfr2/src/tal_irq_handler.o
                0x00001d5c                trx_tx_end_handler_cb
 .text.trx_awake_handler_cb
                0x00001d7e        0x8 src/ASF/thirdparty/wireless/avr2025_mac/source/tal/atmegarfr2/src/tal_irq_handler.o
                0x00001d7e                trx_awake_handler_cb
 .text.limit_tx_pwr
                0x00001d86       0x60 src/ASF/thirdparty/wireless/avr2025_mac/source/tal/atmegarfr2/src/tal_pib.o
 .text.init_tal_pib
                0x00001de6       0x5a src/ASF/thirdparty/wireless/avr2025_mac/source/tal/atmegarfr2/src/tal_pib.o
                0x00001de6                init_tal_pib
 .text.convert_phyTransmitPower_to_reg_value
                0x00001e40       0x42 src/ASF/thirdparty/wireless/avr2025_mac/source/tal/atmegarfr2/src/tal_pib.o
                0x00001e40                convert_phyTransmitPower_to_reg_value
 .text.write_all_tal_pib_to_trx
                0x00001e82       0xb6 src/ASF/thirdparty/wireless/avr2025_mac/source/tal/atmegarfr2/src/tal_pib.o
                0x00001e82                write_all_tal_pib_to_trx
 .text.tal_pib_set
                0x00001f38      0x234 src/ASF/thirdparty/wireless/avr2025_mac/source/tal/atmegarfr2/src/tal_pib.o
                0x00001f38                tal_pib_set
 .text.__portable_avr_delay_cycles
                0x0000216c       0x16 src/ASF/thirdparty/wireless/avr2025_mac/source/tal/atmegarfr2/src/tal_rx.o
 .text.handle_received_frame_irq
                0x00002182       0xdc src/ASF/thirdparty/wireless/avr2025_mac/source/tal/atmegarfr2/src/tal_rx.o
                0x00002182                handle_received_frame_irq
 .text.process_incoming_frame
                0x0000225e       0x80 src/ASF/thirdparty/wireless/avr2025_mac/source/tal/atmegarfr2/src/tal_rx.o
                0x0000225e                process_incoming_frame
 .text.tal_rx_enable
                0x000022de       0x38 src/ASF/thirdparty/wireless/avr2025_mac/source/tal/atmegarfr2/src/tal_rx_enable.o
                0x000022de                tal_rx_enable
 .text.__portable_avr_delay_cycles
                0x00002316       0x16 src/ASF/thirdparty/wireless/avr2025_mac/source/tal/atmegarfr2/src/tal_tx.o
 .text.tx_done_handling
                0x0000232c       0x44 src/ASF/thirdparty/wireless/avr2025_mac/source/tal/atmegarfr2/src/tal_tx.o
                0x0000232c                tx_done_handling
 .text.send_frame
                0x00002370      0x116 src/ASF/thirdparty/wireless/avr2025_mac/source/tal/atmegarfr2/src/tal_tx.o
                0x00002370                send_frame
 .text.tal_tx_frame
                0x00002486       0x3e src/ASF/thirdparty/wireless/avr2025_mac/source/tal/atmegarfr2/src/tal_tx.o
                0x00002486                tal_tx_frame
 .text.handle_tx_end_irq
                0x000024c4       0x3a src/ASF/thirdparty/wireless/avr2025_mac/source/tal/atmegarfr2/src/tal_tx.o
                0x000024c4                handle_tx_end_irq
 .text.tal_ant_div_config
                0x000024fe       0xf2 src/ASF/thirdparty/wireless/avr2025_mac/source/tal/src/tal_helper.o
                0x000024fe                tal_ant_div_config
 .text.__portable_avr_delay_cycles
                0x000025f0       0x16 src/ASF/thirdparty/wireless/avr2025_mac/source/tfa/atmegarfr2/src/tfa.o
 .text.tfa_pib_set
                0x00002606       0x52 src/ASF/thirdparty/wireless/avr2025_mac/source/tfa/atmegarfr2/src/tfa.o
                0x00002606                tfa_pib_set
 .text.tfa_init
                0x00002658       0x22 src/ASF/thirdparty/wireless/avr2025_mac/source/tfa/atmegarfr2/src/tfa.o
                0x00002658                tfa_init
 .text.tfa_get_batmon_voltage
                0x0000267a      0x11e src/ASF/thirdparty/wireless/avr2025_mac/source/tfa/atmegarfr2/src/tfa.o
                0x0000267a                tfa_get_batmon_voltage
 .text.tc_ovf_callback
                0x00002798        0x6 src/ASF/thirdparty/wireless/services/common_hw_timer/mega/hw_timer.o
                0x00002798                tc_ovf_callback
 .text.tc_cca_callback
                0x0000279e        0x6 src/ASF/thirdparty/wireless/services/common_hw_timer/mega/hw_timer.o
                0x0000279e                tc_cca_callback
 .text.tmr_read_count
                0x000027a4        0xa src/ASF/thirdparty/wireless/services/common_hw_timer/mega/hw_timer.o
                0x000027a4                tmr_read_count
 .text.tmr_disable_cc_interrupt
                0x000027ae        0xe src/ASF/thirdparty/wireless/services/common_hw_timer/mega/hw_timer.o
                0x000027ae                tmr_disable_cc_interrupt
 .text.tmr_enable_cc_interrupt
                0x000027bc        0xe src/ASF/thirdparty/wireless/services/common_hw_timer/mega/hw_timer.o
                0x000027bc                tmr_enable_cc_interrupt
 .text.tmr_disable_ovf_interrupt
                0x000027ca        0xe src/ASF/thirdparty/wireless/services/common_hw_timer/mega/hw_timer.o
                0x000027ca                tmr_disable_ovf_interrupt
 .text.tmr_stop
                0x000027d8        0x8 src/ASF/thirdparty/wireless/services/common_hw_timer/mega/hw_timer.o
                0x000027d8                tmr_stop
 .text.tmr_write_cmpreg
                0x000027e0       0x16 src/ASF/thirdparty/wireless/services/common_hw_timer/mega/hw_timer.o
                0x000027e0                tmr_write_cmpreg
 .text.save_cpu_interrupt
                0x000027f6       0x1a src/ASF/thirdparty/wireless/services/common_hw_timer/mega/hw_timer.o
                0x000027f6                save_cpu_interrupt
 .text.restore_cpu_interrupt
                0x00002810        0x4 src/ASF/thirdparty/wireless/services/common_hw_timer/mega/hw_timer.o
                0x00002810                restore_cpu_interrupt
 .text.tmr_init
                0x00002814       0x40 src/ASF/thirdparty/wireless/services/common_hw_timer/mega/hw_timer.o
                0x00002814                tmr_init
 .text.__vector_20
                0x00002854       0x5a src/ASF/thirdparty/wireless/services/mega/drivers/tc/tc_megarf.o
                0x00002854                __vector_20
 .text.__vector_17
                0x000028ae       0x5a src/ASF/thirdparty/wireless/services/mega/drivers/tc/tc_megarf.o
                0x000028ae                __vector_17
 .text.__vector_18
                0x00002908       0x5a src/ASF/thirdparty/wireless/services/mega/drivers/tc/tc_megarf.o
                0x00002908                __vector_18
 .text.__vector_19
                0x00002962       0x5a src/ASF/thirdparty/wireless/services/mega/drivers/tc/tc_megarf.o
                0x00002962                __vector_19
 .text.__vector_35
                0x000029bc       0x5a src/ASF/thirdparty/wireless/services/mega/drivers/tc/tc_megarf.o
                0x000029bc                __vector_35
 .text.__vector_32
                0x00002a16       0x5a src/ASF/thirdparty/wireless/services/mega/drivers/tc/tc_megarf.o
                0x00002a16                __vector_32
 .text.__vector_33
                0x00002a70       0x5a src/ASF/thirdparty/wireless/services/mega/drivers/tc/tc_megarf.o
                0x00002a70                __vector_33
 .text.__vector_34
                0x00002aca       0x5a src/ASF/thirdparty/wireless/services/mega/drivers/tc/tc_megarf.o
                0x00002aca                __vector_34
 .text.__vector_45
                0x00002b24       0x5a src/ASF/thirdparty/wireless/services/mega/drivers/tc/tc_megarf.o
                0x00002b24                __vector_45
 .text.__vector_42
                0x00002b7e       0x5a src/ASF/thirdparty/wireless/services/mega/drivers/tc/tc_megarf.o
                0x00002b7e                __vector_42
 .text.__vector_43
                0x00002bd8       0x5a src/ASF/thirdparty/wireless/services/mega/drivers/tc/tc_megarf.o
                0x00002bd8                __vector_43
 .text.__vector_44
                0x00002c32       0x5a src/ASF/thirdparty/wireless/services/mega/drivers/tc/tc_megarf.o
                0x00002c32                __vector_44
 .text.__vector_50
                0x00002c8c       0x5a src/ASF/thirdparty/wireless/services/mega/drivers/tc/tc_megarf.o
                0x00002c8c                __vector_50
 .text.__vector_47
                0x00002ce6       0x5a src/ASF/thirdparty/wireless/services/mega/drivers/tc/tc_megarf.o
                0x00002ce6                __vector_47
 .text.__vector_48
                0x00002d40       0x5a src/ASF/thirdparty/wireless/services/mega/drivers/tc/tc_megarf.o
                0x00002d40                __vector_48
 .text.__vector_49
                0x00002d9a       0x5a src/ASF/thirdparty/wireless/services/mega/drivers/tc/tc_megarf.o
                0x00002d9a                __vector_49
 .text.tc_enable
                0x00002df4       0xee src/ASF/thirdparty/wireless/services/mega/drivers/tc/tc_megarf.o
                0x00002df4                tc_enable
 .text.tc_disable
                0x00002ee2       0xee src/ASF/thirdparty/wireless/services/mega/drivers/tc/tc_megarf.o
                0x00002ee2                tc_disable
 .text.tc_set_overflow_interrupt_callback
                0x00002fd0       0x40 src/ASF/thirdparty/wireless/services/mega/drivers/tc/tc_megarf.o
                0x00002fd0                tc_set_overflow_interrupt_callback
 .text.tc_set_compa_interrupt_callback
                0x00003010       0x40 src/ASF/thirdparty/wireless/services/mega/drivers/tc/tc_megarf.o
                0x00003010                tc_set_compa_interrupt_callback
 .text.main     0x00003050       0x16 src/main.o
                0x00003050                main
 .text.tal_tx_frame_done_cb
                0x00003066        0x6 src/main.o
                0x00003066                tal_tx_frame_done_cb
 .text.tal_rx_frame_cb
                0x0000306c       0x18 src/main.o
                0x0000306c                tal_rx_frame_cb
 .text.avr-libc.fplib
                0x00003084        0xa c:/program files (x86)/atmel/studio/7.0/toolchain/avr8/avr8-gnu-toolchain/bin/../lib/gcc/avr/5.4.0/../../../../avr/lib/avr6\libm.a(addsf3.o)
                0x00003084                __subsf3
                0x00003086                __addsf3
 .text.avr-libc.fplib
                0x0000308e       0xc0 c:/program files (x86)/atmel/studio/7.0/toolchain/avr8/avr8-gnu-toolchain/bin/../lib/gcc/avr/5.4.0/../../../../avr/lib/avr6\libm.a(addsf3x.o)
                0x000030a8                __addsf3x
 .text.avr-libc.fplib
                0x0000314e        0xa c:/program files (x86)/atmel/studio/7.0/toolchain/avr8/avr8-gnu-toolchain/bin/../lib/gcc/avr/5.4.0/../../../../avr/lib/avr6\libm.a(fixsfsi.o)
                0x0000314e                __fixsfsi
 .text.avr-libc.fplib
                0x00003158       0x58 c:/program files (x86)/atmel/studio/7.0/toolchain/avr8/avr8-gnu-toolchain/bin/../lib/gcc/avr/5.4.0/../../../../avr/lib/avr6\libm.a(fixunssfsi.o)
                0x00003158                __fixunssfsi
 .text.avr-libc.fplib
                0x000031b0       0x7a c:/program files (x86)/atmel/studio/7.0/toolchain/avr8/avr8-gnu-toolchain/bin/../lib/gcc/avr/5.4.0/../../../../avr/lib/avr6\libm.a(floatsisf.o)
                0x000031b0                __floatunsisf
                0x000031b4                __floatsisf
 .text.avr-libc.fplib
                0x0000322a        0xc c:/program files (x86)/atmel/studio/7.0/toolchain/avr8/avr8-gnu-toolchain/bin/../lib/gcc/avr/5.4.0/../../../../avr/lib/avr6\libm.a(fp_inf.o)
                0x0000322a                __fp_inf
 .text.avr-libc.fplib
                0x00003236        0x6 c:/program files (x86)/atmel/studio/7.0/toolchain/avr8/avr8-gnu-toolchain/bin/../lib/gcc/avr/5.4.0/../../../../avr/lib/avr6\libm.a(fp_nan.o)
                0x00003236                __fp_nan
 .text.avr-libc.fplib
                0x0000323c        0xe c:/program files (x86)/atmel/studio/7.0/toolchain/avr8/avr8-gnu-toolchain/bin/../lib/gcc/avr/5.4.0/../../../../avr/lib/avr6\libm.a(fp_pscA.o)
                0x0000323c                __fp_pscA
 .text.avr-libc.fplib
                0x0000324a        0xe c:/program files (x86)/atmel/studio/7.0/toolchain/avr8/avr8-gnu-toolchain/bin/../lib/gcc/avr/5.4.0/../../../../avr/lib/avr6\libm.a(fp_pscB.o)
                0x0000324a                __fp_pscB
 .text.avr-libc.fplib
                0x00003258       0x22 c:/program files (x86)/atmel/studio/7.0/toolchain/avr8/avr8-gnu-toolchain/bin/../lib/gcc/avr/5.4.0/../../../../avr/lib/avr6\libm.a(fp_round.o)
                0x00003258                __fp_round
 .text.avr-libc.fplib
                0x0000327a       0x44 c:/program files (x86)/atmel/studio/7.0/toolchain/avr8/avr8-gnu-toolchain/bin/../lib/gcc/avr/5.4.0/../../../../avr/lib/avr6\libm.a(fp_split3.o)
                0x0000327a                __fp_split3
                0x0000328a                __fp_splitA
 .text.avr-libc.fplib
                0x000032be        0xe c:/program files (x86)/atmel/studio/7.0/toolchain/avr8/avr8-gnu-toolchain/bin/../lib/gcc/avr/5.4.0/../../../../avr/lib/avr6\libm.a(fp_zero.o)
                0x000032be                __fp_zero
                0x000032c0                __fp_szero
 .text.avr-libc.fplib
                0x000032cc        0x4 c:/program files (x86)/atmel/studio/7.0/toolchain/avr8/avr8-gnu-toolchain/bin/../lib/gcc/avr/5.4.0/../../../../avr/lib/avr6\libm.a(mulsf3.o)
                0x000032cc                __mulsf3
 .text.avr-libc.fplib
                0x000032d0       0xc2 c:/program files (x86)/atmel/studio/7.0/toolchain/avr8/avr8-gnu-toolchain/bin/../lib/gcc/avr/5.4.0/../../../../avr/lib/avr6\libm.a(mulsf3x.o)
                0x000032e4                __mulsf3x
                0x000032e8                __mulsf3_pse
 .text.avr-libc.fplib
                0x00003392       0x98 c:/program files (x86)/atmel/studio/7.0/toolchain/avr8/avr8-gnu-toolchain/bin/../lib/gcc/avr/5.4.0/../../../../avr/lib/avr6\libm.a(pow.o)
                0x00003392                pow
 .text.avr-libc.fplib
                0x0000342a       0x62 c:/program files (x86)/atmel/studio/7.0/toolchain/avr8/avr8-gnu-toolchain/bin/../lib/gcc/avr/5.4.0/../../../../avr/lib/avr6\libm.a(exp.o)
                0x00003434                exp
 .text.avr-libc.fplib
                0x0000348c       0x4a c:/program files (x86)/atmel/studio/7.0/toolchain/avr8/avr8-gnu-toolchain/bin/../lib/gcc/avr/5.4.0/../../../../avr/lib/avr6\libm.a(fp_powser.o)
                0x0000348c                __fp_powser
 .text.avr-libc.fplib
                0x000034d6        0xe c:/program files (x86)/atmel/studio/7.0/toolchain/avr8/avr8-gnu-toolchain/bin/../lib/gcc/avr/5.4.0/../../../../avr/lib/avr6\libm.a(inverse.o)
                0x000034d6                inverse
 .text.avr-libc.fplib
                0x000034e4       0x6c c:/program files (x86)/atmel/studio/7.0/toolchain/avr8/avr8-gnu-toolchain/bin/../lib/gcc/avr/5.4.0/../../../../avr/lib/avr6\libm.a(ldexp.o)
                0x000034e8                ldexp
 .text.avr-libc.fplib
                0x00003550       0x8a c:/program files (x86)/atmel/studio/7.0/toolchain/avr8/avr8-gnu-toolchain/bin/../lib/gcc/avr/5.4.0/../../../../avr/lib/avr6\libm.a(log.o)
                0x0000355a                log
 .text.avr-libc.fplib
                0x000035da       0x66 c:/program files (x86)/atmel/studio/7.0/toolchain/avr8/avr8-gnu-toolchain/bin/../lib/gcc/avr/5.4.0/../../../../avr/lib/avr6\libm.a(modf.o)
                0x000035da                modf
                0x000035da                modff
 .text.avr-libc.fplib
                0x00003640        0x4 c:/program files (x86)/atmel/studio/7.0/toolchain/avr8/avr8-gnu-toolchain/bin/../lib/gcc/avr/5.4.0/../../../../avr/lib/avr6\libm.a(divsf3.o)
                0x00003640                __divsf3
 .text.avr-libc.fplib
                0x00003644       0xcc c:/program files (x86)/atmel/studio/7.0/toolchain/avr8/avr8-gnu-toolchain/bin/../lib/gcc/avr/5.4.0/../../../../avr/lib/avr6\libm.a(divsf3x.o)
                0x0000365a                __divsf3x
                0x0000365e                __divsf3_pse
 .text.avr-libc.fplib
                0x00003710       0x1c c:/program files (x86)/atmel/studio/7.0/toolchain/avr8/avr8-gnu-toolchain/bin/../lib/gcc/avr/5.4.0/../../../../avr/lib/avr6\libm.a(fp_mpack.o)
                0x00003710                __fp_mpack
                0x00003714                __fp_mpack_finite
 .text.libgcc.mul
                0x0000372c       0x1e c:/program files (x86)/atmel/studio/7.0/toolchain/avr8/avr8-gnu-toolchain/bin/../lib/gcc/avr/5.4.0/avr6\libgcc.a(_mulsi3.o)
                0x0000372c                __mulsi3
 .text.libgcc.div
                0x0000374a       0x28 c:/program files (x86)/atmel/studio/7.0/toolchain/avr8/avr8-gnu-toolchain/bin/../lib/gcc/avr/5.4.0/avr6\libgcc.a(_udivmodhi4.o)
                0x0000374a                __udivmodhi4
 .text.libgcc.div
                0x00003772       0x26 c:/program files (x86)/atmel/studio/7.0/toolchain/avr8/avr8-gnu-toolchain/bin/../lib/gcc/avr/5.4.0/avr6\libgcc.a(_divmodhi4.o)
                0x00003772                _div
                0x00003772                __divmodhi4
 .text.libgcc.div
                0x00003798       0x44 c:/program files (x86)/atmel/studio/7.0/toolchain/avr8/avr8-gnu-toolchain/bin/../lib/gcc/avr/5.4.0/avr6\libgcc.a(_udivmodsi4.o)
                0x00003798                __udivmodsi4
 .text.libgcc   0x000037dc       0x10 c:/program files (x86)/atmel/studio/7.0/toolchain/avr8/avr8-gnu-toolchain/bin/../lib/gcc/avr/5.4.0/avr6\libgcc.a(_tablejump2.o)
                0x000037dc                __tablejump2__
 .text.libgcc.mul
                0x000037ec       0x1e c:/program files (x86)/atmel/studio/7.0/toolchain/avr8/avr8-gnu-toolchain/bin/../lib/gcc/avr/5.4.0/avr6\libgcc.a(_umulhisi3.o)
                0x000037ec                __umulhisi3
 .text.libgcc.mul
                0x0000380a       0x14 c:/program files (x86)/atmel/studio/7.0/toolchain/avr8/avr8-gnu-toolchain/bin/../lib/gcc/avr/5.4.0/avr6\libgcc.a(_muluhisi3.o)
                0x0000380a                __muluhisi3
 .text.libgcc   0x0000381e       0x18 c:/program files (x86)/atmel/studio/7.0/toolchain/avr8/avr8-gnu-toolchain/bin/../lib/gcc/avr/5.4.0/avr6\libgcc.a(_adddi3_s8.o)
                0x0000381e                __adddi3_s8
 .text.libgcc   0x00003836       0x18 c:/program files (x86)/atmel/studio/7.0/toolchain/avr8/avr8-gnu-toolchain/bin/../lib/gcc/avr/5.4.0/avr6\libgcc.a(_cmpdi2_s8.o)
                0x00003836                __cmpdi2_s8
 .text.avr-libc
                0x0000384e       0xaa c:/program files (x86)/atmel/studio/7.0/toolchain/avr8/avr8-gnu-toolchain/bin/../lib/gcc/avr/5.4.0/../../../../avr/lib/avr6\libc.a(rand.o)
                0x000038da                rand_r
                0x000038dc                rand
                0x000038e2                srand
 .text.avr-libc
                0x000038f8       0x12 c:/program files (x86)/atmel/studio/7.0/toolchain/avr8/avr8-gnu-toolchain/bin/../lib/gcc/avr/5.4.0/../../../../avr/lib/avr6\libc.a(memcpy.o)
                0x000038f8                memcpy
 .text.avr-libc
                0x0000390a       0x94 c:/program files (x86)/atmel/studio/7.0/toolchain/avr8/avr8-gnu-toolchain/bin/../lib/gcc/avr/5.4.0/../../../../avr/lib/avr6\libc.a(fdevopen.o)
                0x0000390a                fdevopen
 .text.avr-libc
                0x0000399e       0x34 c:/program files (x86)/atmel/studio/7.0/toolchain/avr8/avr8-gnu-toolchain/bin/../lib/gcc/avr/5.4.0/../../../../avr/lib/avr6\libc.a(calloc.o)
                0x0000399e                calloc
 .text.avr-libc
                0x000039d2      0x242 c:/program files (x86)/atmel/studio/7.0/toolchain/avr8/avr8-gnu-toolchain/bin/../lib/gcc/avr/5.4.0/../../../../avr/lib/avr6\libc.a(malloc.o)
                0x000039d2                malloc
                0x00003b02                free
 .text.avr-libc
                0x00003c14        0xe c:/program files (x86)/atmel/studio/7.0/toolchain/avr8/avr8-gnu-toolchain/bin/../lib/gcc/avr/5.4.0/../../../../avr/lib/avr6\libc.a(memset.o)
                0x00003c14                memset
 .text.libgcc.div
                0x00003c22       0x28 c:/program files (x86)/atmel/studio/7.0/toolchain/avr8/avr8-gnu-toolchain/bin/../lib/gcc/avr/5.4.0/avr6\libgcc.a(_divmodsi4.o)
                0x00003c22                __divmodsi4
 .text.libgcc.div
                0x00003c4a       0x10 c:/program files (x86)/atmel/studio/7.0/toolchain/avr8/avr8-gnu-toolchain/bin/../lib/gcc/avr/5.4.0/avr6\libgcc.a(_negsi2.o)
                0x00003c4a                __negsi2
 .text.libgcc.mul
                0x00003c5a        0xc c:/program files (x86)/atmel/studio/7.0/toolchain/avr8/avr8-gnu-toolchain/bin/../lib/gcc/avr/5.4.0/avr6\libgcc.a(_mulshisi3.o)
                0x00003c5a                __mulshisi3
                0x00003c5e                __mulohisi3
                0x00003c66                . = ALIGN (0x2)
 *(.fini9)
 .fini9         0x00003c66        0x0 c:/program files (x86)/atmel/studio/7.0/toolchain/avr8/avr8-gnu-toolchain/bin/../lib/gcc/avr/5.4.0/avr6\libgcc.a(_exit.o)
                0x00003c66                _exit
                0x00003c66                exit
 *(.fini9)
 *(.fini8)
 *(.fini8)
 *(.fini7)
 *(.fini7)
 *(.fini6)
 *(.fini6)
 *(.fini5)
 *(.fini5)
 *(.fini4)
 *(.fini4)
 *(.fini3)
 *(.fini3)
 *(.fini2)
 *(.fini2)
 *(.fini1)
 *(.fini1)
 *(.fini0)
 .fini0         0x00003c66        0x4 c:/program files (x86)/atmel/studio/7.0/toolchain/avr8/avr8-gnu-toolchain/bin/../lib/gcc/avr/5.4.0/avr6\libgcc.a(_exit.o)
 *(.fini0)
                0x00003c6a                _etext = .

.data           0x00800200       0x12 load address 0x00003c6a
                0x00800200                PROVIDE (__data_start, .)
 *(.data)
 .data          0x00800200        0x4 c:/program files (x86)/atmel/studio/7.0/toolchain/avr8/avr8-gnu-toolchain/bin/../lib/gcc/avr/5.4.0/../../../../avr/lib/avr6\libc.a(rand.o)
 .data          0x00800204        0x6 c:/program files (x86)/atmel/studio/7.0/toolchain/avr8/avr8-gnu-toolchain/bin/../lib/gcc/avr/5.4.0/../../../../avr/lib/avr6\libc.a(malloc.o)
                0x00800204                __malloc_heap_end
                0x00800206                __malloc_heap_start
                0x00800208                __malloc_margin
 *(.data*)
 .data.usart_serial_options
                0x0080020a        0x7 src/ASF/thirdparty/wireless/addons/sio2host/uart/sio2host.o
 *(.gnu.linkonce.d*)
 *(.rodata)
 *(.rodata*)
 *(.gnu.linkonce.r*)
                0x00800212                . = ALIGN (0x2)
 *fill*         0x00800211        0x1 
                0x00800212                _edata = .
                0x00800212                PROVIDE (__data_end, .)

.bss            0x00800212      0x497
                0x00800212                PROVIDE (__bss_start, .)
 *(.bss)
 .bss           0x00800212        0xb ../src/ASF/thirdparty/wireless/services/common_hw_timer/mega/lib\libmegarfr2_lib_hw_timer.a(common_hw_timer.o)
 *(.bss*)
 .bss.serial_rx_count
                0x0080021d        0x1 src/ASF/thirdparty/wireless/addons/sio2host/uart/sio2host.o
 .bss.serial_rx_buf_tail
                0x0080021e        0x1 src/ASF/thirdparty/wireless/addons/sio2host/uart/sio2host.o
 .bss.serial_rx_buf_head
                0x0080021f        0x1 src/ASF/thirdparty/wireless/addons/sio2host/uart/sio2host.o
 .bss.serial_rx_buf
                0x00800220       0x9c src/ASF/thirdparty/wireless/addons/sio2host/uart/sio2host.o
 .bss.payload.3564
                0x008002bc       0x74 src/usr_wireless.o
 .bss.payload_length.3563
                0x00800330        0x1 src/usr_wireless.o
 .bss.cont_NS   0x00800331        0x2 src/usr_wireless.o
                0x00800331                cont_NS
 .bss.longitudListaNS
                0x00800333        0x2 src/usr_wireless.o
                0x00800333                longitudListaNS
 .bss.seq_num.3458
                0x00800335        0x2 src/Wireless/wireless_api.o
 .bss.storage_buffer
                0x00800337       0x8b src/Wireless/wireless_api.o
 .bss.alloc_timer_id
                0x008003c2        0x1 src/ASF/thirdparty/wireless/avr2025_mac/source/pal/common_sw_timer/common_sw_timer.o
 .bss.expired_timer_queue_tail
                0x008003c3        0x1 src/ASF/thirdparty/wireless/avr2025_mac/source/pal/common_sw_timer/common_sw_timer.o
 .bss.expired_timer_queue_head
                0x008003c4        0x1 src/ASF/thirdparty/wireless/avr2025_mac/source/pal/common_sw_timer/common_sw_timer.o
 .bss.running_timer_queue_head
                0x008003c5        0x1 src/ASF/thirdparty/wireless/avr2025_mac/source/pal/common_sw_timer/common_sw_timer.o
 .bss.running_timers
                0x008003c6        0x1 src/ASF/thirdparty/wireless/avr2025_mac/source/pal/common_sw_timer/common_sw_timer.o
 .bss.free_large_buffer_q
                0x008003c7        0x5 src/ASF/thirdparty/wireless/avr2025_mac/source/resources/buffer/src/bmm.o
 .bss.buf_header
                0x008003cc        0xc src/ASF/thirdparty/wireless/avr2025_mac/source/resources/buffer/src/bmm.o
 .bss.buf_pool  0x008003d8      0x1a1 src/ASF/thirdparty/wireless/avr2025_mac/source/resources/buffer/src/bmm.o
 .bss.tal_rx_buffer
                0x00800579        0x2 src/ASF/thirdparty/wireless/avr2025_mac/source/tal/atmegarfr2/src/tal.o
                0x00800579                tal_rx_buffer
 .bss.irq_hdl_trx_awake
                0x0080057b        0x2 src/ASF/thirdparty/wireless/avr2025_mac/source/tal/atmegarfr2/src/tal_irq_handler.o
 .bss.irq_hdl_trx_cca_ed
                0x0080057d        0x2 src/ASF/thirdparty/wireless/avr2025_mac/source/tal/atmegarfr2/src/tal_irq_handler.o
 .bss.irq_hdl_trx_rx_end
                0x0080057f        0x2 src/ASF/thirdparty/wireless/avr2025_mac/source/tal/atmegarfr2/src/tal_irq_handler.o
 .bss.irq_hdl_trx_tx_end
                0x00800581        0x2 src/ASF/thirdparty/wireless/avr2025_mac/source/tal/atmegarfr2/src/tal_irq_handler.o
 .bss.trx_trac_status
                0x00800583        0x1 src/ASF/thirdparty/wireless/avr2025_mac/source/tal/atmegarfr2/src/tal_tx.o
 .bss.tfa_pib_rx_sens
                0x00800584        0x1 src/ASF/thirdparty/wireless/avr2025_mac/source/tfa/atmegarfr2/src/tfa.o
 .bss.tc_tccr5_compc_callback
                0x00800585        0x2 src/ASF/thirdparty/wireless/services/mega/drivers/tc/tc_megarf.o
 .bss.tc_tccr5_compb_callback
                0x00800587        0x2 src/ASF/thirdparty/wireless/services/mega/drivers/tc/tc_megarf.o
 .bss.tc_tccr5_compa_callback
                0x00800589        0x2 src/ASF/thirdparty/wireless/services/mega/drivers/tc/tc_megarf.o
 .bss.tc_tccr5_ovf_callback
                0x0080058b        0x2 src/ASF/thirdparty/wireless/services/mega/drivers/tc/tc_megarf.o
 .bss.tc_tccr4_compc_callback
                0x0080058d        0x2 src/ASF/thirdparty/wireless/services/mega/drivers/tc/tc_megarf.o
 .bss.tc_tccr4_compb_callback
                0x0080058f        0x2 src/ASF/thirdparty/wireless/services/mega/drivers/tc/tc_megarf.o
 .bss.tc_tccr4_compa_callback
                0x00800591        0x2 src/ASF/thirdparty/wireless/services/mega/drivers/tc/tc_megarf.o
 .bss.tc_tccr4_ovf_callback
                0x00800593        0x2 src/ASF/thirdparty/wireless/services/mega/drivers/tc/tc_megarf.o
 .bss.tc_tccr3_compc_callback
                0x00800595        0x2 src/ASF/thirdparty/wireless/services/mega/drivers/tc/tc_megarf.o
 .bss.tc_tccr3_compb_callback
                0x00800597        0x2 src/ASF/thirdparty/wireless/services/mega/drivers/tc/tc_megarf.o
 .bss.tc_tccr3_compa_callback
                0x00800599        0x2 src/ASF/thirdparty/wireless/services/mega/drivers/tc/tc_megarf.o
 .bss.tc_tccr3_ovf_callback
                0x0080059b        0x2 src/ASF/thirdparty/wireless/services/mega/drivers/tc/tc_megarf.o
 .bss.tc_tccr1_compc_callback
                0x0080059d        0x2 src/ASF/thirdparty/wireless/services/mega/drivers/tc/tc_megarf.o
 .bss.tc_tccr1_compb_callback
                0x0080059f        0x2 src/ASF/thirdparty/wireless/services/mega/drivers/tc/tc_megarf.o
 .bss.tc_tccr1_compa_callback
                0x008005a1        0x2 src/ASF/thirdparty/wireless/services/mega/drivers/tc/tc_megarf.o
 .bss.tc_tccr1_ovf_callback
                0x008005a3        0x2 src/ASF/thirdparty/wireless/services/mega/drivers/tc/tc_megarf.o
 *(COMMON)
 COMMON         0x008005a5        0x2 src/ASF/common/utils/stdio/read.o
                0x008005a5                ptr_get
 COMMON         0x008005a7        0x4 src/ASF/common/utils/stdio/write.o
                0x008005a7                ptr_put
                0x008005a9                stdio_base
 COMMON         0x008005ab       0x91 src/usr_wireless.o
                0x008005ab                trama_recibida
                0x0080061c                listaNS
                0x00800638                NB
 COMMON         0x0080063c       0x35 src/ASF/thirdparty/wireless/avr2025_mac/source/pal/common_sw_timer/common_sw_timer.o
                0x0080063c                sys_time
                0x0080063e                timer_array
                0x00800670                timer_trigger
 COMMON         0x00800671       0x2d src/ASF/thirdparty/wireless/avr2025_mac/source/tal/atmegarfr2/src/tal.o
                0x00800671                tal_rx_on_required
                0x00800672                tal_incoming_frame_queue
                0x00800677                mac_frame_ptr
                0x00800679                tal_pib
                0x00800698                tal_trx_status
                0x00800699                last_frame_length
                0x0080069a                tal_frame_to_tx
                0x0080069c                tal_awake_end_flag
                0x0080069d                tal_state
 COMMON         0x0080069e        0x1 ../src/ASF/thirdparty/wireless/services/common_hw_timer/mega/lib\libmegarfr2_lib_hw_timer.a(common_hw_timer.o)
                0x0080069e                timer_multiplier
 COMMON         0x0080069f        0x6 c:/program files (x86)/atmel/studio/7.0/toolchain/avr8/avr8-gnu-toolchain/bin/../lib/gcc/avr/5.4.0/../../../../avr/lib/avr6\libc.a(iob.o)
                0x0080069f                __iob
 COMMON         0x008006a5        0x4 c:/program files (x86)/atmel/studio/7.0/toolchain/avr8/avr8-gnu-toolchain/bin/../lib/gcc/avr/5.4.0/../../../../avr/lib/avr6\libc.a(malloc.o)
                0x008006a5                __brkval
                0x008006a7                __flp
                0x008006a9                PROVIDE (__bss_end, .)
                0x00003c6a                __data_load_start = LOADADDR (.data)
                0x00003c7c                __data_load_end = (__data_load_start + SIZEOF (.data))

.noinit         0x008006a9        0x0
                [!provide]                PROVIDE (__noinit_start, .)
 *(.noinit*)
                [!provide]                PROVIDE (__noinit_end, .)
                0x008006a9                _end = .
                0x008006a9                PROVIDE (__heap_start, .)

.eeprom         0x00810000        0x0
 *(.eeprom*)
                0x00810000                __eeprom_end = .

.fuse
 *(.fuse)
 *(.lfuse)
 *(.hfuse)
 *(.efuse)

.lock
 *(.lock*)

.signature
 *(.signature*)

.user_signatures
 *(.user_signatures*)

.stab
 *(.stab)

.stabstr
 *(.stabstr)

.stab.excl
 *(.stab.excl)

.stab.exclstr
 *(.stab.exclstr)

.stab.index
 *(.stab.index)

.stab.indexstr
 *(.stab.indexstr)

.comment        0x00000000       0x30
 *(.comment)
 .comment       0x00000000       0x30 src/ASF/common/services/serial/usart_serial.o
                                 0x31 (size before relaxing)
 .comment       0x00000030       0x31 src/ASF/common/utils/stdio/read.o
 .comment       0x00000030       0x31 src/ASF/common/utils/stdio/write.o
 .comment       0x00000030       0x31 src/ASF/mega/drivers/usart/usart_megarf.o
 .comment       0x00000030       0x31 src/ASF/thirdparty/wireless/addons/sio2host/uart/sio2host.o
 .comment       0x00000030       0x31 src/usr_wireless.o
 .comment       0x00000030       0x31 src/Wireless/wireless_api.o
 .comment       0x00000030       0x31 src/ASF/common/boards/user_board/init.o
 .comment       0x00000030       0x31 src/ASF/common/services/clock/mega/sysclk.o
 .comment       0x00000030       0x31 src/ASF/thirdparty/wireless/avr2025_mac/source/pal/common_sw_timer/common_sw_timer.o
 .comment       0x00000030       0x31 src/ASF/thirdparty/wireless/avr2025_mac/source/pal/pal.o
 .comment       0x00000030       0x31 src/ASF/thirdparty/wireless/avr2025_mac/source/resources/buffer/src/bmm.o
 .comment       0x00000030       0x31 src/ASF/thirdparty/wireless/avr2025_mac/source/resources/queue/src/qmm.o
 .comment       0x00000030       0x31 src/ASF/thirdparty/wireless/avr2025_mac/source/tal/atmegarfr2/src/tal.o
 .comment       0x00000030       0x31 src/ASF/thirdparty/wireless/avr2025_mac/source/tal/atmegarfr2/src/tal_init.o
 .comment       0x00000030       0x31 src/ASF/thirdparty/wireless/avr2025_mac/source/tal/atmegarfr2/src/tal_irq_handler.o
 .comment       0x00000030       0x31 src/ASF/thirdparty/wireless/avr2025_mac/source/tal/atmegarfr2/src/tal_pib.o
 .comment       0x00000030       0x31 src/ASF/thirdparty/wireless/avr2025_mac/source/tal/atmegarfr2/src/tal_rx.o
 .comment       0x00000030       0x31 src/ASF/thirdparty/wireless/avr2025_mac/source/tal/atmegarfr2/src/tal_rx_enable.o
 .comment       0x00000030       0x31 src/ASF/thirdparty/wireless/avr2025_mac/source/tal/atmegarfr2/src/tal_tx.o
 .comment       0x00000030       0x31 src/ASF/thirdparty/wireless/avr2025_mac/source/tal/src/tal_helper.o
 .comment       0x00000030       0x31 src/ASF/thirdparty/wireless/avr2025_mac/source/tfa/atmegarfr2/src/tfa.o
 .comment       0x00000030       0x31 src/ASF/thirdparty/wireless/services/common_hw_timer/mega/hw_timer.o
 .comment       0x00000030       0x31 src/ASF/thirdparty/wireless/services/mega/drivers/tc/tc_megarf.o
 .comment       0x00000030       0x31 src/main.o
 .comment       0x00000030       0x31 c:/program files (x86)/atmel/studio/7.0/toolchain/avr8/avr8-gnu-toolchain/bin/../lib/gcc/avr/5.4.0/../../../../avr/lib/avr6\libc.a(rand.o)
 .comment       0x00000030       0x31 c:/program files (x86)/atmel/studio/7.0/toolchain/avr8/avr8-gnu-toolchain/bin/../lib/gcc/avr/5.4.0/../../../../avr/lib/avr6\libc.a(fdevopen.o)
 .comment       0x00000030       0x31 c:/program files (x86)/atmel/studio/7.0/toolchain/avr8/avr8-gnu-toolchain/bin/../lib/gcc/avr/5.4.0/../../../../avr/lib/avr6\libc.a(iob.o)
 .comment       0x00000030       0x31 c:/program files (x86)/atmel/studio/7.0/toolchain/avr8/avr8-gnu-toolchain/bin/../lib/gcc/avr/5.4.0/../../../../avr/lib/avr6\libc.a(calloc.o)
 .comment       0x00000030       0x31 c:/program files (x86)/atmel/studio/7.0/toolchain/avr8/avr8-gnu-toolchain/bin/../lib/gcc/avr/5.4.0/../../../../avr/lib/avr6\libc.a(malloc.o)

.note.gnu.avr.deviceinfo
                0x00000000       0x40
 .note.gnu.avr.deviceinfo
                0x00000000       0x40 C:/Program Files (x86)/Atmel/Studio/7.0/Packs/atmel/ATmega_DFP/1.6.364/gcc/dev/atmega256rfr2/avr6/crtatmega256rfr2.o

.note.gnu.build-id
 *(.note.gnu.build-id)

.debug
 *(.debug)

.line
 *(.line)

.debug_srcinfo
 *(.debug_srcinfo)

.debug_sfnames
 *(.debug_sfnames)

.debug_aranges  0x00000000      0x858
 *(.debug_aranges)
 .debug_aranges
                0x00000000       0x28 src/ASF/common/services/serial/usart_serial.o
 .debug_aranges
                0x00000028       0x20 src/ASF/common/utils/stdio/read.o
 .debug_aranges
                0x00000048       0x20 src/ASF/common/utils/stdio/write.o
 .debug_aranges
                0x00000068       0x50 src/ASF/mega/drivers/usart/usart_megarf.o
 .debug_aranges
                0x000000b8       0x78 src/ASF/thirdparty/wireless/addons/sio2host/uart/sio2host.o
 .debug_aranges
                0x00000130       0x68 src/usr_wireless.o
 .debug_aranges
                0x00000198       0x40 src/Wireless/wireless_api.o
 .debug_aranges
                0x000001d8       0x28 src/ASF/common/boards/user_board/init.o
 .debug_aranges
                0x00000200       0x30 src/ASF/common/services/clock/mega/sysclk.o
 .debug_aranges
                0x00000230       0x88 src/ASF/thirdparty/wireless/avr2025_mac/source/pal/common_sw_timer/common_sw_timer.o
 .debug_aranges
                0x000002b8       0x68 src/ASF/thirdparty/wireless/avr2025_mac/source/pal/pal.o
 .debug_aranges
                0x00000320       0x30 src/ASF/thirdparty/wireless/avr2025_mac/source/resources/buffer/src/bmm.o
 .debug_aranges
                0x00000350       0x48 src/ASF/thirdparty/wireless/avr2025_mac/source/resources/queue/src/qmm.o
 .debug_aranges
                0x00000398       0x48 src/ASF/thirdparty/wireless/avr2025_mac/source/tal/atmegarfr2/src/tal.o
 .debug_aranges
                0x000003e0       0x40 src/ASF/thirdparty/wireless/avr2025_mac/source/tal/atmegarfr2/src/tal_init.o
 .debug_aranges
                0x00000420       0xc8 src/ASF/thirdparty/wireless/avr2025_mac/source/tal/atmegarfr2/src/tal_irq_handler.o
 .debug_aranges
                0x000004e8       0x48 src/ASF/thirdparty/wireless/avr2025_mac/source/tal/atmegarfr2/src/tal_pib.o
 .debug_aranges
                0x00000530       0x30 src/ASF/thirdparty/wireless/avr2025_mac/source/tal/atmegarfr2/src/tal_rx.o
 .debug_aranges
                0x00000560       0x20 src/ASF/thirdparty/wireless/avr2025_mac/source/tal/atmegarfr2/src/tal_rx_enable.o
 .debug_aranges
                0x00000580       0x40 src/ASF/thirdparty/wireless/avr2025_mac/source/tal/atmegarfr2/src/tal_tx.o
 .debug_aranges
                0x000005c0       0xa0 src/ASF/thirdparty/wireless/avr2025_mac/source/tal/src/tal_helper.o
 .debug_aranges
                0x00000660       0x70 src/ASF/thirdparty/wireless/avr2025_mac/source/tfa/atmegarfr2/src/tfa.o
 .debug_aranges
                0x000006d0       0x70 src/ASF/thirdparty/wireless/services/common_hw_timer/mega/hw_timer.o
 .debug_aranges
                0x00000740       0xc8 src/ASF/thirdparty/wireless/services/mega/drivers/tc/tc_megarf.o
 .debug_aranges
                0x00000808       0x30 src/main.o
 .debug_aranges
                0x00000838       0x20 ../src/ASF/thirdparty/wireless/services/common_hw_timer/mega/lib\libmegarfr2_lib_hw_timer.a(common_hw_timer.o)

.debug_pubnames
 *(.debug_pubnames)

.debug_info     0x00000000     0xcece
 *(.debug_info .gnu.linkonce.wi.*)
 .debug_info    0x00000000     0x13e6 C:/Program Files (x86)/Atmel/Studio/7.0/Packs/atmel/ATmega_DFP/1.6.364/gcc/dev/atmega256rfr2/avr6/crtatmega256rfr2.o
 .debug_info    0x000013e6      0x39e src/ASF/common/services/serial/usart_serial.o
 .debug_info    0x00001784      0x104 src/ASF/common/utils/stdio/read.o
 .debug_info    0x00001888      0x104 src/ASF/common/utils/stdio/write.o
 .debug_info    0x0000198c      0xb97 src/ASF/mega/drivers/usart/usart_megarf.o
 .debug_info    0x00002523      0x823 src/ASF/thirdparty/wireless/addons/sio2host/uart/sio2host.o
 .debug_info    0x00002d46      0xd28 src/usr_wireless.o
 .debug_info    0x00003a6e      0xa4c src/Wireless/wireless_api.o
 .debug_info    0x000044ba      0x43d src/ASF/common/boards/user_board/init.o
 .debug_info    0x000048f7      0x2b5 src/ASF/common/services/clock/mega/sysclk.o
 .debug_info    0x00004bac      0xbd2 src/ASF/thirdparty/wireless/avr2025_mac/source/pal/common_sw_timer/common_sw_timer.o
 .debug_info    0x0000577e      0x676 src/ASF/thirdparty/wireless/avr2025_mac/source/pal/pal.o
 .debug_info    0x00005df4      0x3dd src/ASF/thirdparty/wireless/avr2025_mac/source/resources/buffer/src/bmm.o
 .debug_info    0x000061d1      0x58b src/ASF/thirdparty/wireless/avr2025_mac/source/resources/queue/src/qmm.o
 .debug_info    0x0000675c      0xafe src/ASF/thirdparty/wireless/avr2025_mac/source/tal/atmegarfr2/src/tal.o
 .debug_info    0x0000725a      0xca9 src/ASF/thirdparty/wireless/avr2025_mac/source/tal/atmegarfr2/src/tal_init.o
 .debug_info    0x00007f03      0x556 src/ASF/thirdparty/wireless/avr2025_mac/source/tal/atmegarfr2/src/tal_irq_handler.o
 .debug_info    0x00008459      0x8da src/ASF/thirdparty/wireless/avr2025_mac/source/tal/atmegarfr2/src/tal_pib.o
 .debug_info    0x00008d33      0x5ac src/ASF/thirdparty/wireless/avr2025_mac/source/tal/atmegarfr2/src/tal_rx.o
 .debug_info    0x000092df      0x490 src/ASF/thirdparty/wireless/avr2025_mac/source/tal/atmegarfr2/src/tal_rx_enable.o
 .debug_info    0x0000976f      0x968 src/ASF/thirdparty/wireless/avr2025_mac/source/tal/atmegarfr2/src/tal_tx.o
 .debug_info    0x0000a0d7      0xb29 src/ASF/thirdparty/wireless/avr2025_mac/source/tal/src/tal_helper.o
 .debug_info    0x0000ac00      0xad8 src/ASF/thirdparty/wireless/avr2025_mac/source/tfa/atmegarfr2/src/tfa.o
 .debug_info    0x0000b6d8      0x734 src/ASF/thirdparty/wireless/services/common_hw_timer/mega/hw_timer.o
 .debug_info    0x0000be0c      0x854 src/ASF/thirdparty/wireless/services/mega/drivers/tc/tc_megarf.o
 .debug_info    0x0000c660      0x5f2 src/main.o
 .debug_info    0x0000cc52      0x27c ../src/ASF/thirdparty/wireless/services/common_hw_timer/mega/lib\libmegarfr2_lib_hw_timer.a(common_hw_timer.o)

.debug_abbrev   0x00000000     0x4e75
 *(.debug_abbrev)
 .debug_abbrev  0x00000000     0x12d6 C:/Program Files (x86)/Atmel/Studio/7.0/Packs/atmel/ATmega_DFP/1.6.364/gcc/dev/atmega256rfr2/avr6/crtatmega256rfr2.o
 .debug_abbrev  0x000012d6      0x17d src/ASF/common/services/serial/usart_serial.o
 .debug_abbrev  0x00001453       0xc5 src/ASF/common/utils/stdio/read.o
 .debug_abbrev  0x00001518       0xa7 src/ASF/common/utils/stdio/write.o
 .debug_abbrev  0x000015bf      0x345 src/ASF/mega/drivers/usart/usart_megarf.o
 .debug_abbrev  0x00001904      0x301 src/ASF/thirdparty/wireless/addons/sio2host/uart/sio2host.o
 .debug_abbrev  0x00001c05      0x3e6 src/usr_wireless.o
 .debug_abbrev  0x00001feb      0x2d9 src/Wireless/wireless_api.o
 .debug_abbrev  0x000022c4      0x1c1 src/ASF/common/boards/user_board/init.o
 .debug_abbrev  0x00002485      0x1a6 src/ASF/common/services/clock/mega/sysclk.o
 .debug_abbrev  0x0000262b      0x3a3 src/ASF/thirdparty/wireless/avr2025_mac/source/pal/common_sw_timer/common_sw_timer.o
 .debug_abbrev  0x000029ce      0x1b6 src/ASF/thirdparty/wireless/avr2025_mac/source/pal/pal.o
 .debug_abbrev  0x00002b84      0x18e src/ASF/thirdparty/wireless/avr2025_mac/source/resources/buffer/src/bmm.o
 .debug_abbrev  0x00002d12      0x29d src/ASF/thirdparty/wireless/avr2025_mac/source/resources/queue/src/qmm.o
 .debug_abbrev  0x00002faf      0x2ee src/ASF/thirdparty/wireless/avr2025_mac/source/tal/atmegarfr2/src/tal.o
 .debug_abbrev  0x0000329d      0x354 src/ASF/thirdparty/wireless/avr2025_mac/source/tal/atmegarfr2/src/tal_init.o
 .debug_abbrev  0x000035f1      0x1ec src/ASF/thirdparty/wireless/avr2025_mac/source/tal/atmegarfr2/src/tal_irq_handler.o
 .debug_abbrev  0x000037dd      0x2b8 src/ASF/thirdparty/wireless/avr2025_mac/source/tal/atmegarfr2/src/tal_pib.o
 .debug_abbrev  0x00003a95      0x286 src/ASF/thirdparty/wireless/avr2025_mac/source/tal/atmegarfr2/src/tal_rx.o
 .debug_abbrev  0x00003d1b      0x14f src/ASF/thirdparty/wireless/avr2025_mac/source/tal/atmegarfr2/src/tal_rx_enable.o
 .debug_abbrev  0x00003e6a      0x2f7 src/ASF/thirdparty/wireless/avr2025_mac/source/tal/atmegarfr2/src/tal_tx.o
 .debug_abbrev  0x00004161      0x2d8 src/ASF/thirdparty/wireless/avr2025_mac/source/tal/src/tal_helper.o
 .debug_abbrev  0x00004439      0x31e src/ASF/thirdparty/wireless/avr2025_mac/source/tfa/atmegarfr2/src/tfa.o
 .debug_abbrev  0x00004757      0x21b src/ASF/thirdparty/wireless/services/common_hw_timer/mega/hw_timer.o
 .debug_abbrev  0x00004972      0x1d3 src/ASF/thirdparty/wireless/services/mega/drivers/tc/tc_megarf.o
 .debug_abbrev  0x00004b45      0x219 src/main.o
 .debug_abbrev  0x00004d5e      0x117 ../src/ASF/thirdparty/wireless/services/common_hw_timer/mega/lib\libmegarfr2_lib_hw_timer.a(common_hw_timer.o)

.debug_line     0x00000000     0xfa15
 *(.debug_line .debug_line.* .debug_line_end)
 .debug_line    0x00000000      0x272 C:/Program Files (x86)/Atmel/Studio/7.0/Packs/atmel/ATmega_DFP/1.6.364/gcc/dev/atmega256rfr2/avr6/crtatmega256rfr2.o
 .debug_line    0x00000272      0x507 src/ASF/common/services/serial/usart_serial.o
 .debug_line    0x00000779      0x32e src/ASF/common/utils/stdio/read.o
 .debug_line    0x00000aa7      0x335 src/ASF/common/utils/stdio/write.o
 .debug_line    0x00000ddc      0x768 src/ASF/mega/drivers/usart/usart_megarf.o
 .debug_line    0x00001544      0x8e0 src/ASF/thirdparty/wireless/addons/sio2host/uart/sio2host.o
 .debug_line    0x00001e24      0xd58 src/usr_wireless.o
 .debug_line    0x00002b7c      0xb51 src/Wireless/wireless_api.o
 .debug_line    0x000036cd      0x6d8 src/ASF/common/boards/user_board/init.o
 .debug_line    0x00003da5      0x4b0 src/ASF/common/services/clock/mega/sysclk.o
 .debug_line    0x00004255      0xabd src/ASF/thirdparty/wireless/avr2025_mac/source/pal/common_sw_timer/common_sw_timer.o
 .debug_line    0x00004d12      0x8a6 src/ASF/thirdparty/wireless/avr2025_mac/source/pal/pal.o
 .debug_line    0x000055b8      0x9e4 src/ASF/thirdparty/wireless/avr2025_mac/source/resources/buffer/src/bmm.o
 .debug_line    0x00005f9c      0xaf6 src/ASF/thirdparty/wireless/avr2025_mac/source/resources/queue/src/qmm.o
 .debug_line    0x00006a92      0xd38 src/ASF/thirdparty/wireless/avr2025_mac/source/tal/atmegarfr2/src/tal.o
 .debug_line    0x000077ca      0xd0b src/ASF/thirdparty/wireless/avr2025_mac/source/tal/atmegarfr2/src/tal_init.o
 .debug_line    0x000084d5      0xc27 src/ASF/thirdparty/wireless/avr2025_mac/source/tal/atmegarfr2/src/tal_irq_handler.o
 .debug_line    0x000090fc      0xedb src/ASF/thirdparty/wireless/avr2025_mac/source/tal/atmegarfr2/src/tal_pib.o
 .debug_line    0x00009fd7      0xaf5 src/ASF/thirdparty/wireless/avr2025_mac/source/tal/atmegarfr2/src/tal_rx.o
 .debug_line    0x0000aacc      0xa03 src/ASF/thirdparty/wireless/avr2025_mac/source/tal/atmegarfr2/src/tal_rx_enable.o
 .debug_line    0x0000b4cf      0xbb3 src/ASF/thirdparty/wireless/avr2025_mac/source/tal/atmegarfr2/src/tal_tx.o
 .debug_line    0x0000c082     0x103c src/ASF/thirdparty/wireless/avr2025_mac/source/tal/src/tal_helper.o
 .debug_line    0x0000d0be      0xe99 src/ASF/thirdparty/wireless/avr2025_mac/source/tfa/atmegarfr2/src/tfa.o
 .debug_line    0x0000df57      0x642 src/ASF/thirdparty/wireless/services/common_hw_timer/mega/hw_timer.o
 .debug_line    0x0000e599      0x91c src/ASF/thirdparty/wireless/services/mega/drivers/tc/tc_megarf.o
 .debug_line    0x0000eeb5      0xa1b src/main.o
 .debug_line    0x0000f8d0      0x145 ../src/ASF/thirdparty/wireless/services/common_hw_timer/mega/lib\libmegarfr2_lib_hw_timer.a(common_hw_timer.o)

.debug_frame    0x00000000     0x1c28
 *(.debug_frame)
 .debug_frame   0x00000000       0x74 src/ASF/common/services/serial/usart_serial.o
 .debug_frame   0x00000074       0x34 src/ASF/common/utils/stdio/read.o
 .debug_frame   0x000000a8       0x24 src/ASF/common/utils/stdio/write.o
 .debug_frame   0x000000cc      0x130 src/ASF/mega/drivers/usart/usart_megarf.o
 .debug_frame   0x000001fc      0x1a0 src/ASF/thirdparty/wireless/addons/sio2host/uart/sio2host.o
 .debug_frame   0x0000039c      0x164 src/usr_wireless.o
 .debug_frame   0x00000500       0xe4 src/Wireless/wireless_api.o
 .debug_frame   0x000005e4       0x34 src/ASF/common/boards/user_board/init.o
 .debug_frame   0x00000618       0x74 src/ASF/common/services/clock/mega/sysclk.o
 .debug_frame   0x0000068c      0x210 src/ASF/thirdparty/wireless/avr2025_mac/source/pal/common_sw_timer/common_sw_timer.o
 .debug_frame   0x0000089c       0xe0 src/ASF/thirdparty/wireless/avr2025_mac/source/pal/pal.o
 .debug_frame   0x0000097c       0x50 src/ASF/thirdparty/wireless/avr2025_mac/source/resources/buffer/src/bmm.o
 .debug_frame   0x000009cc       0xd4 src/ASF/thirdparty/wireless/avr2025_mac/source/resources/queue/src/qmm.o
 .debug_frame   0x00000aa0       0xa8 src/ASF/thirdparty/wireless/avr2025_mac/source/tal/atmegarfr2/src/tal.o
 .debug_frame   0x00000b48       0xf4 src/ASF/thirdparty/wireless/avr2025_mac/source/tal/atmegarfr2/src/tal_init.o
 .debug_frame   0x00000c3c      0x348 src/ASF/thirdparty/wireless/avr2025_mac/source/tal/atmegarfr2/src/tal_irq_handler.o
 .debug_frame   0x00000f84       0x98 src/ASF/thirdparty/wireless/avr2025_mac/source/tal/atmegarfr2/src/tal_pib.o
 .debug_frame   0x0000101c       0x78 src/ASF/thirdparty/wireless/avr2025_mac/source/tal/atmegarfr2/src/tal_rx.o
 .debug_frame   0x00001094       0x24 src/ASF/thirdparty/wireless/avr2025_mac/source/tal/atmegarfr2/src/tal_rx_enable.o
 .debug_frame   0x000010b8       0x7c src/ASF/thirdparty/wireless/avr2025_mac/source/tal/atmegarfr2/src/tal_tx.o
 .debug_frame   0x00001134      0x19c src/ASF/thirdparty/wireless/avr2025_mac/source/tal/src/tal_helper.o
 .debug_frame   0x000012d0      0x13c src/ASF/thirdparty/wireless/avr2025_mac/source/tfa/atmegarfr2/src/tfa.o
 .debug_frame   0x0000140c       0xe0 src/ASF/thirdparty/wireless/services/common_hw_timer/mega/hw_timer.o
 .debug_frame   0x000014ec      0x624 src/ASF/thirdparty/wireless/services/mega/drivers/tc/tc_megarf.o
 .debug_frame   0x00001b10       0x50 src/main.o
 .debug_frame   0x00001b60       0xc8 ../src/ASF/thirdparty/wireless/services/common_hw_timer/mega/lib\libmegarfr2_lib_hw_timer.a(common_hw_timer.o)

.debug_str      0x00000000    0x209b9
 *(.debug_str)
 .debug_str     0x00000000      0x7f7 C:/Program Files (x86)/Atmel/Studio/7.0/Packs/atmel/ATmega_DFP/1.6.364/gcc/dev/atmega256rfr2/avr6/crtatmega256rfr2.o
 .debug_str     0x000007f7    0x170ce src/ASF/common/services/serial/usart_serial.o
                              0x1733a (size before relaxing)
 .debug_str     0x000178c5       0x5f src/ASF/common/utils/stdio/read.o
                              0x15da2 (size before relaxing)
 .debug_str     0x00017924       0x2e src/ASF/common/utils/stdio/write.o
                              0x15da4 (size before relaxing)
 .debug_str     0x00017952      0x67a src/ASF/mega/drivers/usart/usart_megarf.o
                              0x17947 (size before relaxing)
 .debug_str     0x00017fcc      0xb29 src/ASF/thirdparty/wireless/addons/sio2host/uart/sio2host.o
                              0x18171 (size before relaxing)
 .debug_str     0x00018af5     0x4bd4 src/usr_wireless.o
                              0x1c887 (size before relaxing)
 .debug_str     0x0001d6c9      0x3b3 src/Wireless/wireless_api.o
                              0x1c5d1 (size before relaxing)
 .debug_str     0x0001da7c       0x4d src/ASF/common/boards/user_board/init.o
                              0x17c97 (size before relaxing)
 .debug_str     0x0001dac9       0x89 src/ASF/common/services/clock/mega/sysclk.o
                              0x16c2c (size before relaxing)
 .debug_str     0x0001db52      0x46e src/ASF/thirdparty/wireless/avr2025_mac/source/pal/common_sw_timer/common_sw_timer.o
                              0x16f5c (size before relaxing)
 .debug_str     0x0001dfc0      0x14d src/ASF/thirdparty/wireless/avr2025_mac/source/pal/pal.o
                              0x187b0 (size before relaxing)
 .debug_str     0x0001e10d      0x26a src/ASF/thirdparty/wireless/avr2025_mac/source/resources/buffer/src/bmm.o
                              0x1b993 (size before relaxing)
 .debug_str     0x0001e377      0x10e src/ASF/thirdparty/wireless/avr2025_mac/source/resources/queue/src/qmm.o
                              0x1b441 (size before relaxing)
 .debug_str     0x0001e485      0xe1e src/ASF/thirdparty/wireless/avr2025_mac/source/tal/atmegarfr2/src/tal.o
                              0x1c899 (size before relaxing)
 .debug_str     0x0001f2a3      0x2b0 src/ASF/thirdparty/wireless/avr2025_mac/source/tal/atmegarfr2/src/tal_init.o
                              0x1ccc2 (size before relaxing)
 .debug_str     0x0001f553      0x33f src/ASF/thirdparty/wireless/avr2025_mac/source/tal/atmegarfr2/src/tal_irq_handler.o
                              0x1c5d2 (size before relaxing)
 .debug_str     0x0001f892      0x14d src/ASF/thirdparty/wireless/avr2025_mac/source/tal/atmegarfr2/src/tal_pib.o
                              0x1c980 (size before relaxing)
 .debug_str     0x0001f9df      0x17a src/ASF/thirdparty/wireless/avr2025_mac/source/tal/atmegarfr2/src/tal_rx.o
                              0x1c7dc (size before relaxing)
 .debug_str     0x0001fb59       0x55 src/ASF/thirdparty/wireless/avr2025_mac/source/tal/atmegarfr2/src/tal_rx_enable.o
                              0x1c79a (size before relaxing)
 .debug_str     0x0001fbae       0xc3 src/ASF/thirdparty/wireless/avr2025_mac/source/tal/atmegarfr2/src/tal_tx.o
                              0x1cc40 (size before relaxing)
 .debug_str     0x0001fc71      0x2bd src/ASF/thirdparty/wireless/avr2025_mac/source/tal/src/tal_helper.o
                              0x1c8ba (size before relaxing)
 .debug_str     0x0001ff2e      0x235 src/ASF/thirdparty/wireless/avr2025_mac/source/tfa/atmegarfr2/src/tfa.o
                              0x1cc88 (size before relaxing)
 .debug_str     0x00020163      0x40a src/ASF/thirdparty/wireless/services/common_hw_timer/mega/hw_timer.o
                              0x17083 (size before relaxing)
 .debug_str     0x0002056d      0x2f1 src/ASF/thirdparty/wireless/services/mega/drivers/tc/tc_megarf.o
                              0x16f99 (size before relaxing)
 .debug_str     0x0002085e       0x20 src/main.o
                              0x1c118 (size before relaxing)
 .debug_str     0x0002087e      0x13b ../src/ASF/thirdparty/wireless/services/common_hw_timer/mega/lib\libmegarfr2_lib_hw_timer.a(common_hw_timer.o)
                                0x2a0 (size before relaxing)

.debug_loc      0x00000000     0x7cdf
 *(.debug_loc)
 .debug_loc     0x00000000      0x273 src/ASF/common/services/serial/usart_serial.o
 .debug_loc     0x00000273       0x6e src/ASF/common/utils/stdio/read.o
 .debug_loc     0x000002e1       0x52 src/ASF/common/utils/stdio/write.o
 .debug_loc     0x00000333      0xbfe src/ASF/mega/drivers/usart/usart_megarf.o
 .debug_loc     0x00000f31      0x50d src/ASF/thirdparty/wireless/addons/sio2host/uart/sio2host.o
 .debug_loc     0x0000143e      0x757 src/usr_wireless.o
 .debug_loc     0x00001b95      0x58f src/Wireless/wireless_api.o
 .debug_loc     0x00002124       0xa3 src/ASF/common/boards/user_board/init.o
 .debug_loc     0x000021c7      0x1f2 src/ASF/common/services/clock/mega/sysclk.o
 .debug_loc     0x000023b9      0xe18 src/ASF/thirdparty/wireless/avr2025_mac/source/pal/common_sw_timer/common_sw_timer.o
 .debug_loc     0x000031d1      0x2c3 src/ASF/thirdparty/wireless/avr2025_mac/source/pal/pal.o
 .debug_loc     0x00003494       0xe2 src/ASF/thirdparty/wireless/avr2025_mac/source/resources/buffer/src/bmm.o
 .debug_loc     0x00003576      0x479 src/ASF/thirdparty/wireless/avr2025_mac/source/resources/queue/src/qmm.o
 .debug_loc     0x000039ef      0x221 src/ASF/thirdparty/wireless/avr2025_mac/source/tal/atmegarfr2/src/tal.o
 .debug_loc     0x00003c10      0x432 src/ASF/thirdparty/wireless/avr2025_mac/source/tal/atmegarfr2/src/tal_init.o
 .debug_loc     0x00004042      0x5db src/ASF/thirdparty/wireless/avr2025_mac/source/tal/atmegarfr2/src/tal_irq_handler.o
 .debug_loc     0x0000461d      0x7dd src/ASF/thirdparty/wireless/avr2025_mac/source/tal/atmegarfr2/src/tal_pib.o
 .debug_loc     0x00004dfa      0x2f4 src/ASF/thirdparty/wireless/avr2025_mac/source/tal/atmegarfr2/src/tal_rx.o
 .debug_loc     0x000050ee       0x53 src/ASF/thirdparty/wireless/avr2025_mac/source/tal/atmegarfr2/src/tal_rx_enable.o
 .debug_loc     0x00005141      0x1d7 src/ASF/thirdparty/wireless/avr2025_mac/source/tal/atmegarfr2/src/tal_tx.o
 .debug_loc     0x00005318      0xbc0 src/ASF/thirdparty/wireless/avr2025_mac/source/tal/src/tal_helper.o
 .debug_loc     0x00005ed8      0x6e7 src/ASF/thirdparty/wireless/avr2025_mac/source/tfa/atmegarfr2/src/tfa.o
 .debug_loc     0x000065bf      0x1ec src/ASF/thirdparty/wireless/services/common_hw_timer/mega/hw_timer.o
 .debug_loc     0x000067ab     0x131a src/ASF/thirdparty/wireless/services/mega/drivers/tc/tc_megarf.o
 .debug_loc     0x00007ac5       0xac src/main.o
 .debug_loc     0x00007b71      0x16e ../src/ASF/thirdparty/wireless/services/common_hw_timer/mega/lib\libmegarfr2_lib_hw_timer.a(common_hw_timer.o)

.debug_macinfo
 *(.debug_macinfo)

.debug_weaknames
 *(.debug_weaknames)

.debug_funcnames
 *(.debug_funcnames)

.debug_typenames
 *(.debug_typenames)

.debug_varnames
 *(.debug_varnames)

.debug_pubtypes
 *(.debug_pubtypes)

.debug_ranges   0x00000000      0x7c8
 *(.debug_ranges)
 .debug_ranges  0x00000000       0x18 src/ASF/common/services/serial/usart_serial.o
 .debug_ranges  0x00000018       0x10 src/ASF/common/utils/stdio/read.o
 .debug_ranges  0x00000028       0x10 src/ASF/common/utils/stdio/write.o
 .debug_ranges  0x00000038       0x78 src/ASF/mega/drivers/usart/usart_megarf.o
 .debug_ranges  0x000000b0       0x68 src/ASF/thirdparty/wireless/addons/sio2host/uart/sio2host.o
 .debug_ranges  0x00000118       0x70 src/usr_wireless.o
 .debug_ranges  0x00000188       0x30 src/Wireless/wireless_api.o
 .debug_ranges  0x000001b8       0x18 src/ASF/common/boards/user_board/init.o
 .debug_ranges  0x000001d0       0x20 src/ASF/common/services/clock/mega/sysclk.o
 .debug_ranges  0x000001f0       0xe0 src/ASF/thirdparty/wireless/avr2025_mac/source/pal/common_sw_timer/common_sw_timer.o
 .debug_ranges  0x000002d0       0x58 src/ASF/thirdparty/wireless/avr2025_mac/source/pal/pal.o
 .debug_ranges  0x00000328       0x20 src/ASF/thirdparty/wireless/avr2025_mac/source/resources/buffer/src/bmm.o
 .debug_ranges  0x00000348       0x50 src/ASF/thirdparty/wireless/avr2025_mac/source/resources/queue/src/qmm.o
 .debug_ranges  0x00000398       0x38 src/ASF/thirdparty/wireless/avr2025_mac/source/tal/atmegarfr2/src/tal.o
 .debug_ranges  0x000003d0       0x30 src/ASF/thirdparty/wireless/avr2025_mac/source/tal/atmegarfr2/src/tal_init.o
 .debug_ranges  0x00000400       0xb8 src/ASF/thirdparty/wireless/avr2025_mac/source/tal/atmegarfr2/src/tal_irq_handler.o
 .debug_ranges  0x000004b8       0x88 src/ASF/thirdparty/wireless/avr2025_mac/source/tal/atmegarfr2/src/tal_pib.o
 .debug_ranges  0x00000540       0x20 src/ASF/thirdparty/wireless/avr2025_mac/source/tal/atmegarfr2/src/tal_rx.o
 .debug_ranges  0x00000560       0x10 src/ASF/thirdparty/wireless/avr2025_mac/source/tal/atmegarfr2/src/tal_rx_enable.o
 .debug_ranges  0x00000570       0x30 src/ASF/thirdparty/wireless/avr2025_mac/source/tal/atmegarfr2/src/tal_tx.o
 .debug_ranges  0x000005a0       0x90 src/ASF/thirdparty/wireless/avr2025_mac/source/tal/src/tal_helper.o
 .debug_ranges  0x00000630       0x60 src/ASF/thirdparty/wireless/avr2025_mac/source/tfa/atmegarfr2/src/tfa.o
 .debug_ranges  0x00000690       0x60 src/ASF/thirdparty/wireless/services/common_hw_timer/mega/hw_timer.o
 .debug_ranges  0x000006f0       0xb8 src/ASF/thirdparty/wireless/services/mega/drivers/tc/tc_megarf.o
 .debug_ranges  0x000007a8       0x20 src/main.o

.debug_macro    0x00000000     0xc1d2
 *(.debug_macro)
 .debug_macro   0x00000000      0x18b src/ASF/common/services/serial/usart_serial.o
 .debug_macro   0x0000018b      0xa9c src/ASF/common/services/serial/usart_serial.o
 .debug_macro   0x00000c27      0x71d src/ASF/common/services/serial/usart_serial.o
 .debug_macro   0x00001344       0x10 src/ASF/common/services/serial/usart_serial.o
 .debug_macro   0x00001354      0x1c9 src/ASF/common/services/serial/usart_serial.o
 .debug_macro   0x0000151d      0x2fc src/ASF/common/services/serial/usart_serial.o
 .debug_macro   0x00001819       0x9e src/ASF/common/services/serial/usart_serial.o
 .debug_macro   0x000018b7     0x37da src/ASF/common/services/serial/usart_serial.o
 .debug_macro   0x00005091      0x219 src/ASF/common/services/serial/usart_serial.o
 .debug_macro   0x000052aa       0xd9 src/ASF/common/services/serial/usart_serial.o
 .debug_macro   0x00005383       0x34 src/ASF/common/services/serial/usart_serial.o
 .debug_macro   0x000053b7       0x18 src/ASF/common/services/serial/usart_serial.o
 .debug_macro   0x000053cf       0x6c src/ASF/common/services/serial/usart_serial.o
 .debug_macro   0x0000543b       0x22 src/ASF/common/services/serial/usart_serial.o
 .debug_macro   0x0000545d      0x16d src/ASF/common/services/serial/usart_serial.o
 .debug_macro   0x000055ca       0x1c src/ASF/common/services/serial/usart_serial.o
 .debug_macro   0x000055e6       0x35 src/ASF/common/services/serial/usart_serial.o
 .debug_macro   0x0000561b       0x66 src/ASF/common/services/serial/usart_serial.o
 .debug_macro   0x00005681       0x43 src/ASF/common/services/serial/usart_serial.o
 .debug_macro   0x000056c4       0x69 src/ASF/common/services/serial/usart_serial.o
 .debug_macro   0x0000572d       0x31 src/ASF/common/services/serial/usart_serial.o
 .debug_macro   0x0000575e       0x10 src/ASF/common/services/serial/usart_serial.o
 .debug_macro   0x0000576e      0x175 src/ASF/common/services/serial/usart_serial.o
 .debug_macro   0x000058e3       0x40 src/ASF/common/services/serial/usart_serial.o
 .debug_macro   0x00005923      0x100 src/ASF/common/services/serial/usart_serial.o
 .debug_macro   0x00005a23       0x3a src/ASF/common/services/serial/usart_serial.o
 .debug_macro   0x00005a5d      0x2df src/ASF/common/services/serial/usart_serial.o
 .debug_macro   0x00005d3c       0x3a src/ASF/common/services/serial/usart_serial.o
 .debug_macro   0x00005d76       0xc9 src/ASF/common/services/serial/usart_serial.o
 .debug_macro   0x00005e3f      0x1ca src/ASF/common/services/serial/usart_serial.o
 .debug_macro   0x00006009      0x11b src/ASF/common/utils/stdio/read.o
 .debug_macro   0x00006124      0x11b src/ASF/common/utils/stdio/write.o
 .debug_macro   0x0000623f      0x180 src/ASF/mega/drivers/usart/usart_megarf.o
 .debug_macro   0x000063bf      0x302 src/ASF/mega/drivers/usart/usart_megarf.o
 .debug_macro   0x000066c1      0x1c4 src/ASF/mega/drivers/usart/usart_megarf.o
 .debug_macro   0x00006885       0x6e src/ASF/mega/drivers/usart/usart_megarf.o
 .debug_macro   0x000068f3      0x21a src/ASF/thirdparty/wireless/addons/sio2host/uart/sio2host.o
 .debug_macro   0x00006b0d       0x22 src/ASF/thirdparty/wireless/addons/sio2host/uart/sio2host.o
 .debug_macro   0x00006b2f       0x28 src/ASF/thirdparty/wireless/addons/sio2host/uart/sio2host.o
 .debug_macro   0x00006b57       0x22 src/ASF/thirdparty/wireless/addons/sio2host/uart/sio2host.o
 .debug_macro   0x00006b79       0x58 src/ASF/thirdparty/wireless/addons/sio2host/uart/sio2host.o
 .debug_macro   0x00006bd1       0x10 src/ASF/thirdparty/wireless/addons/sio2host/uart/sio2host.o
 .debug_macro   0x00006be1       0xf2 src/ASF/thirdparty/wireless/addons/sio2host/uart/sio2host.o
 .debug_macro   0x00006cd3       0x16 src/ASF/thirdparty/wireless/addons/sio2host/uart/sio2host.o
 .debug_macro   0x00006ce9       0x3a src/ASF/thirdparty/wireless/addons/sio2host/uart/sio2host.o
 .debug_macro   0x00006d23      0x339 src/usr_wireless.o
 .debug_macro   0x0000705c       0x16 src/usr_wireless.o
 .debug_macro   0x00007072      0x461 src/usr_wireless.o
 .debug_macro   0x000074d3       0x46 src/usr_wireless.o
 .debug_macro   0x00007519       0x16 src/usr_wireless.o
 .debug_macro   0x0000752f       0x28 src/usr_wireless.o
 .debug_macro   0x00007557       0x16 src/usr_wireless.o
 .debug_macro   0x0000756d       0x3a src/usr_wireless.o
 .debug_macro   0x000075a7       0x78 src/usr_wireless.o
 .debug_macro   0x0000761f      0x7e9 src/usr_wireless.o
 .debug_macro   0x00007e08       0x28 src/usr_wireless.o
 .debug_macro   0x00007e30       0x22 src/usr_wireless.o
 .debug_macro   0x00007e52       0x10 src/usr_wireless.o
 .debug_macro   0x00007e62       0x30 src/usr_wireless.o
 .debug_macro   0x00007e92       0x10 src/usr_wireless.o
 .debug_macro   0x00007ea2       0x27 src/usr_wireless.o
 .debug_macro   0x00007ec9       0x99 src/usr_wireless.o
 .debug_macro   0x00007f62       0x9e src/usr_wireless.o
 .debug_macro   0x00008000       0x16 src/usr_wireless.o
 .debug_macro   0x00008016       0xa0 src/usr_wireless.o
 .debug_macro   0x000080b6       0x6a src/usr_wireless.o
 .debug_macro   0x00008120      0x160 src/usr_wireless.o
 .debug_macro   0x00008280      0x326 src/Wireless/wireless_api.o
 .debug_macro   0x000085a6       0x1c src/Wireless/wireless_api.o
 .debug_macro   0x000085c2      0x7e3 src/Wireless/wireless_api.o
 .debug_macro   0x00008da5       0x1c src/Wireless/wireless_api.o
 .debug_macro   0x00008dc1      0x211 src/ASF/common/boards/user_board/init.o
 .debug_macro   0x00008fd2      0x15a src/ASF/common/services/clock/mega/sysclk.o
 .debug_macro   0x0000912c      0x173 src/ASF/thirdparty/wireless/avr2025_mac/source/pal/common_sw_timer/common_sw_timer.o
 .debug_macro   0x0000929f       0x10 src/ASF/thirdparty/wireless/avr2025_mac/source/pal/common_sw_timer/common_sw_timer.o
 .debug_macro   0x000092af      0x24e src/ASF/thirdparty/wireless/avr2025_mac/source/pal/pal.o
 .debug_macro   0x000094fd       0xcf src/ASF/thirdparty/wireless/avr2025_mac/source/pal/pal.o
 .debug_macro   0x000095cc      0x2cd src/ASF/thirdparty/wireless/avr2025_mac/source/resources/buffer/src/bmm.o
 .debug_macro   0x00009899      0x10e src/ASF/thirdparty/wireless/avr2025_mac/source/resources/buffer/src/bmm.o
 .debug_macro   0x000099a7       0x86 src/ASF/thirdparty/wireless/avr2025_mac/source/resources/buffer/src/bmm.o
 .debug_macro   0x00009a2d       0x34 src/ASF/thirdparty/wireless/avr2025_mac/source/resources/buffer/src/bmm.o
 .debug_macro   0x00009a61      0x2ab src/ASF/thirdparty/wireless/avr2025_mac/source/resources/queue/src/qmm.o
 .debug_macro   0x00009d0c       0x2e src/ASF/thirdparty/wireless/avr2025_mac/source/resources/queue/src/qmm.o
 .debug_macro   0x00009d3a      0x311 src/ASF/thirdparty/wireless/avr2025_mac/source/tal/atmegarfr2/src/tal.o
 .debug_macro   0x0000a04b       0x22 src/ASF/thirdparty/wireless/avr2025_mac/source/tal/atmegarfr2/src/tal.o
 .debug_macro   0x0000a06d       0x82 src/ASF/thirdparty/wireless/avr2025_mac/source/tal/atmegarfr2/src/tal.o
 .debug_macro   0x0000a0ef      0x14c src/ASF/thirdparty/wireless/avr2025_mac/source/tal/atmegarfr2/src/tal.o
 .debug_macro   0x0000a23b      0x318 src/ASF/thirdparty/wireless/avr2025_mac/source/tal/atmegarfr2/src/tal_init.o
 .debug_macro   0x0000a553      0x319 src/ASF/thirdparty/wireless/avr2025_mac/source/tal/atmegarfr2/src/tal_irq_handler.o
 .debug_macro   0x0000a86c      0x301 src/ASF/thirdparty/wireless/avr2025_mac/source/tal/atmegarfr2/src/tal_pib.o
 .debug_macro   0x0000ab6d       0x16 src/ASF/thirdparty/wireless/avr2025_mac/source/tal/atmegarfr2/src/tal_pib.o
 .debug_macro   0x0000ab83       0x5a src/ASF/thirdparty/wireless/avr2025_mac/source/tal/atmegarfr2/src/tal_pib.o
 .debug_macro   0x0000abdd      0x338 src/ASF/thirdparty/wireless/avr2025_mac/source/tal/atmegarfr2/src/tal_rx.o
 .debug_macro   0x0000af15      0x30b src/ASF/thirdparty/wireless/avr2025_mac/source/tal/atmegarfr2/src/tal_rx_enable.o
 .debug_macro   0x0000b220      0x31e src/ASF/thirdparty/wireless/avr2025_mac/source/tal/atmegarfr2/src/tal_tx.o
 .debug_macro   0x0000b53e      0x2dc src/ASF/thirdparty/wireless/avr2025_mac/source/tal/src/tal_helper.o
 .debug_macro   0x0000b81a      0x30f src/ASF/thirdparty/wireless/avr2025_mac/source/tfa/atmegarfr2/src/tfa.o
 .debug_macro   0x0000bb29       0x97 src/ASF/thirdparty/wireless/avr2025_mac/source/tfa/atmegarfr2/src/tfa.o
 .debug_macro   0x0000bbc0      0x18f src/ASF/thirdparty/wireless/services/common_hw_timer/mega/hw_timer.o
 .debug_macro   0x0000bd4f       0x10 src/ASF/thirdparty/wireless/services/common_hw_timer/mega/hw_timer.o
 .debug_macro   0x0000bd5f      0x167 src/ASF/thirdparty/wireless/services/mega/drivers/tc/tc_megarf.o
 .debug_macro   0x0000bec6      0x30c src/main.o
OUTPUT(USR2.elf elf32-avr)
LOAD linker stubs
